Archive member included to satisfy reference by file (symbol)

c:/progra~2/gnuarm~1/102020~1/bin/../lib/gcc/arm-none-eabi/10.2.1/thumb/v7e-m/nofp\libgcc.a(_arm_muldf3.o)
                              CMakeFiles/My_HC05.elf.dir/Core/Src/main.c.obj (__aeabi_dmul)
c:/progra~2/gnuarm~1/102020~1/bin/../lib/gcc/arm-none-eabi/10.2.1/thumb/v7e-m/nofp\libgcc.a(_arm_mulsf3.o)
                              CMakeFiles/My_HC05.elf.dir/Core/Src/main.c.obj (__aeabi_fmul)
c:/progra~2/gnuarm~1/102020~1/bin/../lib/gcc/arm-none-eabi/10.2.1/thumb/v7e-m/nofp\libgcc.a(_arm_addsubdf3.o)
                              CMakeFiles/My_HC05.elf.dir/Core/Src/main.c.obj (__aeabi_i2d)
c:/progra~2/gnuarm~1/102020~1/bin/../lib/gcc/arm-none-eabi/10.2.1/thumb/v7e-m/nofp\libgcc.a(_arm_muldivdf3.o)
                              CMakeFiles/My_HC05.elf.dir/Core/Src/main.c.obj (__aeabi_ddiv)
c:/progra~2/gnuarm~1/102020~1/bin/../lib/gcc/arm-none-eabi/10.2.1/thumb/v7e-m/nofp\libgcc.a(_arm_truncdfsf2.o)
                              CMakeFiles/My_HC05.elf.dir/Core/Src/main.c.obj (__aeabi_d2f)
c:/progra~2/gnuarm~1/102020~1/bin/../lib/gcc/arm-none-eabi/10.2.1/thumb/v7e-m/nofp\libgcc.a(_arm_fixsfsi.o)
                              CMakeFiles/My_HC05.elf.dir/Core/Src/main.c.obj (__aeabi_f2iz)
c:/progra~2/gnuarm~1/102020~1/bin/../lib/gcc/arm-none-eabi/10.2.1/thumb/v7e-m/nofp\libgcc.a(_arm_fixunssfsi.o)
                              CMakeFiles/My_HC05.elf.dir/Core/Src/main.c.obj (__aeabi_f2uiz)
c:/progra~2/gnuarm~1/102020~1/bin/../lib/gcc/arm-none-eabi/10.2.1/thumb/v7e-m/nofp\libgcc.a(_aeabi_uldivmod.o)
                              CMakeFiles/My_HC05.elf.dir/Drivers/STM32F4xx_HAL_Driver/Src/stm32f4xx_hal_rcc.c.obj (__aeabi_uldivmod)
c:/progra~2/gnuarm~1/102020~1/bin/../lib/gcc/arm-none-eabi/10.2.1/thumb/v7e-m/nofp\libgcc.a(_udivmoddi4.o)
                              c:/progra~2/gnuarm~1/102020~1/bin/../lib/gcc/arm-none-eabi/10.2.1/thumb/v7e-m/nofp\libgcc.a(_aeabi_uldivmod.o) (__udivmoddi4)
c:/progra~2/gnuarm~1/102020~1/bin/../lib/gcc/arm-none-eabi/10.2.1/thumb/v7e-m/nofp\libgcc.a(_dvmd_tls.o)
                              c:/progra~2/gnuarm~1/102020~1/bin/../lib/gcc/arm-none-eabi/10.2.1/thumb/v7e-m/nofp\libgcc.a(_aeabi_uldivmod.o) (__aeabi_ldiv0)
c:/progra~2/gnuarm~1/102020~1/bin/../lib/gcc/arm-none-eabi/10.2.1/../../../../arm-none-eabi/lib/thumb/v7e-m/nofp\libg.a(lib_a-errno.o)
                              CMakeFiles/My_HC05.elf.dir/Core/Src/syscalls.c.obj (__errno)
c:/progra~2/gnuarm~1/102020~1/bin/../lib/gcc/arm-none-eabi/10.2.1/../../../../arm-none-eabi/lib/thumb/v7e-m/nofp\libg.a(lib_a-exit.o)
                              c:/progra~2/gnuarm~1/102020~1/bin/../lib/gcc/arm-none-eabi/10.2.1/../../../../arm-none-eabi/lib/thumb/v7e-m/nofp/crt0.o (exit)
c:/progra~2/gnuarm~1/102020~1/bin/../lib/gcc/arm-none-eabi/10.2.1/../../../../arm-none-eabi/lib/thumb/v7e-m/nofp\libg.a(lib_a-impure.o)
                              c:/progra~2/gnuarm~1/102020~1/bin/../lib/gcc/arm-none-eabi/10.2.1/../../../../arm-none-eabi/lib/thumb/v7e-m/nofp\libg.a(lib_a-exit.o) (_global_impure_ptr)
c:/progra~2/gnuarm~1/102020~1/bin/../lib/gcc/arm-none-eabi/10.2.1/../../../../arm-none-eabi/lib/thumb/v7e-m/nofp\libg.a(lib_a-init.o)
                              c:/progra~2/gnuarm~1/102020~1/bin/../lib/gcc/arm-none-eabi/10.2.1/../../../../arm-none-eabi/lib/thumb/v7e-m/nofp/crt0.o (__libc_init_array)
c:/progra~2/gnuarm~1/102020~1/bin/../lib/gcc/arm-none-eabi/10.2.1/../../../../arm-none-eabi/lib/thumb/v7e-m/nofp\libg.a(lib_a-memcpy.o)
                              CMakeFiles/My_HC05.elf.dir/Middlewares/SFUD/src/sfud.c.obj (memcpy)
c:/progra~2/gnuarm~1/102020~1/bin/../lib/gcc/arm-none-eabi/10.2.1/../../../../arm-none-eabi/lib/thumb/v7e-m/nofp\libg.a(lib_a-memset.o)
                              c:/progra~2/gnuarm~1/102020~1/bin/../lib/gcc/arm-none-eabi/10.2.1/../../../../arm-none-eabi/lib/thumb/v7e-m/nofp/crt0.o (memset)
c:/progra~2/gnuarm~1/102020~1/bin/../lib/gcc/arm-none-eabi/10.2.1/../../../../arm-none-eabi/lib/thumb/v7e-m/nofp\libg.a(lib_a-printf.o)
                              CMakeFiles/My_HC05.elf.dir/Core/Src/main.c.obj (printf)
c:/progra~2/gnuarm~1/102020~1/bin/../lib/gcc/arm-none-eabi/10.2.1/../../../../arm-none-eabi/lib/thumb/v7e-m/nofp\libg.a(lib_a-puts.o)
                              CMakeFiles/My_HC05.elf.dir/Core/Src/main.c.obj (puts)
c:/progra~2/gnuarm~1/102020~1/bin/../lib/gcc/arm-none-eabi/10.2.1/../../../../arm-none-eabi/lib/thumb/v7e-m/nofp\libg.a(lib_a-strlen.o)
                              c:/progra~2/gnuarm~1/102020~1/bin/../lib/gcc/arm-none-eabi/10.2.1/../../../../arm-none-eabi/lib/thumb/v7e-m/nofp\libg.a(lib_a-puts.o) (strlen)
c:/progra~2/gnuarm~1/102020~1/bin/../lib/gcc/arm-none-eabi/10.2.1/../../../../arm-none-eabi/lib/thumb/v7e-m/nofp\libg.a(lib_a-vfprintf.o)
                              c:/progra~2/gnuarm~1/102020~1/bin/../lib/gcc/arm-none-eabi/10.2.1/../../../../arm-none-eabi/lib/thumb/v7e-m/nofp\libg.a(lib_a-printf.o) (_vfprintf_r)
[...]
Memory Configuration

Name             Origin             Length             Attributes
RAM              0x20000000         0x00020000         xrw
CCMRAM           0x10000000         0x00010000         xrw
FLASH            0x08000000         0x00100000         xr
*default*        0x00000000         0xffffffff

Linker script and memory map

LOAD c:/progra~2/gnuarm~1/102020~1/bin/../lib/gcc/arm-none-eabi/10.2.1/thumb/v7e-m/nofp/crti.o
LOAD c:/progra~2/gnuarm~1/102020~1/bin/../lib/gcc/arm-none-eabi/10.2.1/thumb/v7e-m/nofp/crtbegin.o
LOAD c:/progra~2/gnuarm~1/102020~1/bin/../lib/gcc/arm-none-eabi/10.2.1/../../../../arm-none-eabi/lib/thumb/v7e-m/nofp/crt0.o
LOAD CMakeFiles/My_HC05.elf.dir/Core/Src/dma.c.obj
LOAD CMakeFiles/My_HC05.elf.dir/Core/Src/gpio.c.obj
LOAD CMakeFiles/My_HC05.elf.dir/Core/Src/main.c.obj
LOAD CMakeFiles/My_HC05.elf.dir/Core/Src/spi.c.obj
LOAD CMakeFiles/My_HC05.elf.dir/Core/Src/stm32f4xx_hal_msp.c.obj
LOAD CMakeFiles/My_HC05.elf.dir/Core/Src/stm32f4xx_it.c.obj
LOAD CMakeFiles/My_HC05.elf.dir/Core/Src/syscalls.c.obj
LOAD CMakeFiles/My_HC05.elf.dir/Core/Src/system_stm32f4xx.c.obj
LOAD CMakeFiles/My_HC05.elf.dir/Core/Src/tim.c.obj
LOAD CMakeFiles/My_HC05.elf.dir/Core/Src/tim_trp.c.obj
LOAD CMakeFiles/My_HC05.elf.dir/Core/Src/usart.c.obj
LOAD CMakeFiles/My_HC05.elf.dir/Drivers/STM32F4xx_HAL_Driver/Src/stm32f4xx_hal.c.obj
LOAD CMakeFiles/My_HC05.elf.dir/Drivers/STM32F4xx_HAL_Driver/Src/stm32f4xx_hal_cortex.c.obj
LOAD CMakeFiles/My_HC05.elf.dir/Drivers/STM32F4xx_HAL_Driver/Src/stm32f4xx_hal_dma.c.obj
LOAD CMakeFiles/My_HC05.elf.dir/Drivers/STM32F4xx_HAL_Driver/Src/stm32f4xx_hal_dma_ex.c.obj
LOAD CMakeFiles/My_HC05.elf.dir/Drivers/STM32F4xx_HAL_Driver/Src/stm32f4xx_hal_exti.c.obj
LOAD CMakeFiles/My_HC05.elf.dir/Drivers/STM32F4xx_HAL_Driver/Src/stm32f4xx_hal_flash.c.obj
LOAD CMakeFiles/My_HC05.elf.dir/Drivers/STM32F4xx_HAL_Driver/Src/stm32f4xx_hal_flash_ex.c.obj
LOAD CMakeFiles/My_HC05.elf.dir/Drivers/STM32F4xx_HAL_Driver/Src/stm32f4xx_hal_flash_ramfunc.c.obj
LOAD CMakeFiles/My_HC05.elf.dir/Drivers/STM32F4xx_HAL_Driver/Src/stm32f4xx_hal_gpio.c.obj
LOAD CMakeFiles/My_HC05.elf.dir/Drivers/STM32F4xx_HAL_Driver/Src/stm32f4xx_hal_pwr.c.obj
LOAD CMakeFiles/My_HC05.elf.dir/Drivers/STM32F4xx_HAL_Driver/Src/stm32f4xx_hal_pwr_ex.c.obj
LOAD CMakeFiles/My_HC05.elf.dir/Drivers/STM32F4xx_HAL_Driver/Src/stm32f4xx_hal_rcc.c.obj
LOAD CMakeFiles/My_HC05.elf.dir/Drivers/STM32F4xx_HAL_Driver/Src/stm32f4xx_hal_rcc_ex.c.obj
LOAD CMakeFiles/My_HC05.elf.dir/Drivers/STM32F4xx_HAL_Driver/Src/stm32f4xx_hal_spi.c.obj
LOAD CMakeFiles/My_HC05.elf.dir/Drivers/STM32F4xx_HAL_Driver/Src/stm32f4xx_hal_tim.c.obj
LOAD CMakeFiles/My_HC05.elf.dir/Drivers/STM32F4xx_HAL_Driver/Src/stm32f4xx_hal_tim_ex.c.obj
LOAD CMakeFiles/My_HC05.elf.dir/Drivers/STM32F4xx_HAL_Driver/Src/stm32f4xx_hal_uart.c.obj
LOAD CMakeFiles/My_HC05.elf.dir/Hardwares/HC05/hc05.c.obj
LOAD CMakeFiles/My_HC05.elf.dir/Middlewares/SFUD/port/sfud_port.c.obj
LOAD CMakeFiles/My_HC05.elf.dir/Middlewares/SFUD/src/sfud.c.obj
LOAD CMakeFiles/My_HC05.elf.dir/Middlewares/SFUD/src/sfud_sfdp.c.obj
LOAD CMakeFiles/My_HC05.elf.dir/startup/startup_stm32f407xx.s.obj
START GROUP
LOAD c:/progra~2/gnuarm~1/102020~1/bin/../lib/gcc/arm-none-eabi/10.2.1/thumb/v7e-m/nofp\libgcc.a
LOAD c:/progra~2/gnuarm~1/102020~1/bin/../lib/gcc/arm-none-eabi/10.2.1/../../../../arm-none-eabi/lib/thumb/v7e-m/nofp\libg.a
LOAD c:/progra~2/gnuarm~1/102020~1/bin/../lib/gcc/arm-none-eabi/10.2.1/../../../../arm-none-eabi/lib/thumb/v7e-m/nofp\libc.a
END GROUP
LOAD c:/progra~2/gnuarm~1/102020~1/bin/../lib/gcc/arm-none-eabi/10.2.1/thumb/v7e-m/nofp/crtend.o
LOAD c:/progra~2/gnuarm~1/102020~1/bin/../lib/gcc/arm-none-eabi/10.2.1/thumb/v7e-m/nofp/crtn.o
                0x20020000                _estack = 0x20020000
                0x00000200                _Min_Heap_Size = 0x200
                0x00000400                _Min_Stack_Size = 0x400

.isr_vector     0x08000000      0x188
                0x08000000                . = ALIGN (0x4)
 *(.isr_vector)
 .isr_vector    0x08000000      0x188 CMakeFiles/My_HC05.elf.dir/startup/startup_stm32f407xx.s.obj
                0x08000000                g_pfnVectors
                0x08000188                . = ALIGN (0x4)

.text           0x080001c0     0xbe14
                0x080001c0                . = ALIGN (0x4)
 *(.text)
 .text          0x080001c0       0x40 c:/progra~2/gnuarm~1/102020~1/bin/../lib/gcc/arm-none-eabi/10.2.1/thumb/v7e-m/nofp/crtbegin.o
 .text          0x08000200      0x168 c:/progra~2/gnuarm~1/102020~1/bin/../lib/gcc/arm-none-eabi/10.2.1/thumb/v7e-m/nofp\libgcc.a(_arm_mulsf3.o)
                0x08000200                __aeabi_fmul
                0x08000200                __mulsf3
 .text          0x08000368      0x378 c:/progra~2/gnuarm~1/102020~1/bin/../lib/gcc/arm-none-eabi/10.2.1/thumb/v7e-m/nofp\libgcc.a(_arm_addsubdf3.o)
                0x08000368                __aeabi_drsub
                0x08000370                __aeabi_dsub
                0x08000370                __subdf3
                0x08000374                __aeabi_dadd
                0x08000374                __adddf3
                0x080005ec                __floatunsidf
                0x080005ec                __aeabi_ui2d
                0x0800060c                __floatsidf
                0x0800060c                __aeabi_i2d
                0x08000630                __aeabi_f2d
                0x08000630                __extendsfdf2
                0x08000674                __floatundidf
                0x08000674                __aeabi_ul2d
                0x08000684                __floatdidf
                0x08000684                __aeabi_l2d
 .text          0x080006e0      0x424 c:/progra~2/gnuarm~1/102020~1/bin/../lib/gcc/arm-none-eabi/10.2.1/thumb/v7e-m/nofp\libgcc.a(_arm_muldivdf3.o)
                0x080006e0                __aeabi_dmul
                0x080006e0                __muldf3
                0x08000934                __divdf3
                0x08000934                __aeabi_ddiv
 .text          0x08000b04       0xa0 c:/progra~2/gnuarm~1/102020~1/bin/../lib/gcc/arm-none-eabi/10.2.1/thumb/v7e-m/nofp\libgcc.a(_arm_truncdfsf2.o)
                0x08000b04                __truncdfsf2
                0x08000b04                __aeabi_d2f
 .text          0x08000ba4       0x4c c:/progra~2/gnuarm~1/102020~1/bin/../lib/gcc/arm-none-eabi/10.2.1/thumb/v7e-m/nofp\libgcc.a(_arm_fixsfsi.o)
                0x08000ba4                __aeabi_f2iz
                0x08000ba4                __fixsfsi
 .text          0x08000bf0       0x40 c:/progra~2/gnuarm~1/102020~1/bin/../lib/gcc/arm-none-eabi/10.2.1/thumb/v7e-m/nofp\libgcc.a(_arm_fixunssfsi.o)
                0x08000bf0                __fixunssfsi
                0x08000bf0                __aeabi_f2uiz
 .text          0x08000c30       0x30 c:/progra~2/gnuarm~1/102020~1/bin/../lib/gcc/arm-none-eabi/10.2.1/thumb/v7e-m/nofp\libgcc.a(_aeabi_uldivmod.o)
                0x08000c30                __aeabi_uldivmod
 .text          0x08000c60      0x2d0 c:/progra~2/gnuarm~1/102020~1/bin/../lib/gcc/arm-none-eabi/10.2.1/thumb/v7e-m/nofp\libgcc.a(_udivmoddi4.o)
                0x08000c60                __udivmoddi4
 .text          0x08000f30        0x4 c:/progra~2/gnuarm~1/102020~1/bin/../lib/gcc/arm-none-eabi/10.2.1/thumb/v7e-m/nofp\libgcc.a(_dvmd_tls.o)
                0x08000f30                __aeabi_idiv0
                0x08000f30                __aeabi_ldiv0
 .text          0x08000f34      0x134 c:/progra~2/gnuarm~1/102020~1/bin/../lib/gcc/arm-none-eabi/10.2.1/../../../../arm-none-eabi/lib/thumb/v7e-m/nofp\libg.a(lib_a-memcpy.o)
                0x08000f34                memcpy
 *fill*         0x08001068       0x18 
 .text          0x08001080       0xdc c:/progra~2/gnuarm~1/102020~1/bin/../lib/gcc/arm-none-eabi/10.2.1/../../../../arm-none-eabi/lib/thumb/v7e-m/nofp\libg.a(lib_a-strlen.o)
                0x08001080                strlen
 *fill*         0x0800115c        0x4 
 .text          0x08001160       0xa0 c:/progra~2/gnuarm~1/102020~1/bin/../lib/gcc/arm-none-eabi/10.2.1/../../../../arm-none-eabi/lib/thumb/v7e-m/nofp\libg.a(lib_a-memchr.o)
                0x08001160                memchr
 .text          0x08001200      0x110 c:/progra~2/gnuarm~1/102020~1/bin/../lib/gcc/arm-none-eabi/10.2.1/thumb/v7e-m/nofp\libgcc.a(_arm_cmpdf2.o)
                0x08001200                __gtdf2
                0x08001200                __gedf2
                0x08001208                __ltdf2
                0x08001208                __ledf2
                0x08001210                __nedf2
                0x08001210                __eqdf2
                0x08001210                __cmpdf2
                0x0800128c                __aeabi_cdrcmple
                0x0800129c                __aeabi_cdcmpeq
                0x0800129c                __aeabi_cdcmple
                0x080012ac                __aeabi_dcmpeq
                0x080012c0                __aeabi_dcmplt
                0x080012d4                __aeabi_dcmple
                0x080012e8                __aeabi_dcmpge
                0x080012fc                __aeabi_dcmpgt
 .text          0x08001310       0x2c c:/progra~2/gnuarm~1/102020~1/bin/../lib/gcc/arm-none-eabi/10.2.1/thumb/v7e-m/nofp\libgcc.a(_arm_unorddf2.o)
                0x08001310                __unorddf2
                0x08001310                __aeabi_dcmpun
 .text          0x0800133c       0x50 c:/progra~2/gnuarm~1/102020~1/bin/../lib/gcc/arm-none-eabi/10.2.1/thumb/v7e-m/nofp\libgcc.a(_arm_fixdfsi.o)
                0x0800133c                __aeabi_d2iz
                0x0800133c                __fixdfsi
 *(.text*)
 .text.MX_DMA_Init
                0x0800138c       0x44 CMakeFiles/My_HC05.elf.dir/Core/Src/dma.c.obj
                0x0800138c                MX_DMA_Init
 .text.MX_GPIO_Init
                0x080013d0       0x80 CMakeFiles/My_HC05.elf.dir/Core/Src/gpio.c.obj
                0x080013d0                MX_GPIO_Init
 .text.__io_putchar
                0x08001450       0x20 CMakeFiles/My_HC05.elf.dir/Core/Src/main.c.obj
                0x08001450                __io_putchar
 .text.read     0x08001470       0x98 CMakeFiles/My_HC05.elf.dir/Core/Src/main.c.obj
                0x08001470                read
 .text.save     0x08001508       0x8c CMakeFiles/My_HC05.elf.dir/Core/Src/main.c.obj
                0x08001508                save
 .text.Error_Handler
                0x08001594        0x4 CMakeFiles/My_HC05.elf.dir/Core/Src/main.c.obj
                0x08001594                Error_Handler
 .text.SystemClock_Config
                0x08001598       0xa4 CMakeFiles/My_HC05.elf.dir/Core/Src/main.c.obj
                0x08001598                SystemClock_Config
 *fill*         0x0800163c        0x4 
 .text.main     0x08001640      0x170 CMakeFiles/My_HC05.elf.dir/Core/Src/main.c.obj
                0x08001640                main
 .text.MX_SPI1_Init
                0x080017b0       0x40 CMakeFiles/My_HC05.elf.dir/Core/Src/spi.c.obj
                0x080017b0                MX_SPI1_Init
 .text.HAL_SPI_MspInit
                0x080017f0       0x70 CMakeFiles/My_HC05.elf.dir/Core/Src/spi.c.obj
                0x080017f0                HAL_SPI_MspInit
 .text.HAL_MspInit
                0x08001860       0x38 CMakeFiles/My_HC05.elf.dir/Core/Src/stm32f4xx_hal_msp.c.obj
                0x08001860                HAL_MspInit
 .text.NMI_Handler
                0x08001898        0x2 CMakeFiles/My_HC05.elf.dir/Core/Src/stm32f4xx_it.c.obj
                0x08001898                NMI_Handler
 .text.HardFault_Handler
                0x0800189a        0x2 CMakeFiles/My_HC05.elf.dir/Core/Src/stm32f4xx_it.c.obj
                0x0800189a                HardFault_Handler
 .text.MemManage_Handler
                0x0800189c        0x2 CMakeFiles/My_HC05.elf.dir/Core/Src/stm32f4xx_it.c.obj
                0x0800189c                MemManage_Handler
 .text.BusFault_Handler
                0x0800189e        0x2 CMakeFiles/My_HC05.elf.dir/Core/Src/stm32f4xx_it.c.obj
                0x0800189e                BusFault_Handler
 .text.UsageFault_Handler
                0x080018a0        0x2 CMakeFiles/My_HC05.elf.dir/Core/Src/stm32f4xx_it.c.obj
                0x080018a0                UsageFault_Handler
 .text.SVC_Handler
                0x080018a2        0x2 CMakeFiles/My_HC05.elf.dir/Core/Src/stm32f4xx_it.c.obj
                0x080018a2                SVC_Handler
 .text.DebugMon_Handler
                0x080018a4        0x2 CMakeFiles/My_HC05.elf.dir/Core/Src/stm32f4xx_it.c.obj
                0x080018a4                DebugMon_Handler
 .text.PendSV_Handler
                0x080018a6        0x2 CMakeFiles/My_HC05.elf.dir/Core/Src/stm32f4xx_it.c.obj
                0x080018a6                PendSV_Handler
 .text.SysTick_Handler
                0x080018a8        0x8 CMakeFiles/My_HC05.elf.dir/Core/Src/stm32f4xx_it.c.obj
                0x080018a8                SysTick_Handler
 .text.DMA1_Stream5_IRQHandler
                0x080018b0       0x10 CMakeFiles/My_HC05.elf.dir/Core/Src/stm32f4xx_it.c.obj
                0x080018b0                DMA1_Stream5_IRQHandler
 .text.DMA1_Stream6_IRQHandler
                0x080018c0       0x10 CMakeFiles/My_HC05.elf.dir/Core/Src/stm32f4xx_it.c.obj
                0x080018c0                DMA1_Stream6_IRQHandler
 .text.USART1_IRQHandler
                0x080018d0       0x10 CMakeFiles/My_HC05.elf.dir/Core/Src/stm32f4xx_it.c.obj
                0x080018d0                USART1_IRQHandler
 .text.USART2_IRQHandler
                0x080018e0       0x10 CMakeFiles/My_HC05.elf.dir/Core/Src/stm32f4xx_it.c.obj
                0x080018e0                USART2_IRQHandler
 .text.TIM8_TRG_COM_TIM14_IRQHandler
                0x080018f0       0x10 CMakeFiles/My_HC05.elf.dir/Core/Src/stm32f4xx_it.c.obj
                0x080018f0                TIM8_TRG_COM_TIM14_IRQHandler
 .text._getpid  0x08001900        0x4 CMakeFiles/My_HC05.elf.dir/Core/Src/syscalls.c.obj
                0x08001900                _getpid
 .text._kill    0x08001904       0x10 CMakeFiles/My_HC05.elf.dir/Core/Src/syscalls.c.obj
                0x08001904                _kill
 .text._exit    0x08001914        0xc CMakeFiles/My_HC05.elf.dir/Core/Src/syscalls.c.obj
                0x08001914                _exit
 .text._read    0x08001920       0x20 CMakeFiles/My_HC05.elf.dir/Core/Src/syscalls.c.obj
                0x08001920                _read
 .text._write   0x08001940       0x1c CMakeFiles/My_HC05.elf.dir/Core/Src/syscalls.c.obj
                0x08001940                _write
 .text._sbrk    0x0800195c       0x3c CMakeFiles/My_HC05.elf.dir/Core/Src/syscalls.c.obj
                0x0800195c                _sbrk
 .text._close   0x08001998        0x6 CMakeFiles/My_HC05.elf.dir/Core/Src/syscalls.c.obj
                0x08001998                _close
 .text._fstat   0x0800199e        0xa CMakeFiles/My_HC05.elf.dir/Core/Src/syscalls.c.obj
                0x0800199e                _fstat
 .text._isatty  0x080019a8        0x4 CMakeFiles/My_HC05.elf.dir/Core/Src/syscalls.c.obj
                0x080019a8                _isatty
 .text._lseek   0x080019ac        0x4 CMakeFiles/My_HC05.elf.dir/Core/Src/syscalls.c.obj
                0x080019ac                _lseek
 .text.SystemInit
                0x080019b0        0x2 CMakeFiles/My_HC05.elf.dir/Core/Src/system_stm32f4xx.c.obj
                0x080019b0                SystemInit
 *fill*         0x080019b2        0x2 
 .text.MX_TIM14_Init
                0x080019b4       0x30 CMakeFiles/My_HC05.elf.dir/Core/Src/tim.c.obj
                0x080019b4                MX_TIM14_Init
 .text.HAL_TIM_Base_MspInit
                0x080019e4       0x40 CMakeFiles/My_HC05.elf.dir/Core/Src/tim.c.obj
                0x080019e4                HAL_TIM_Base_MspInit
 .text.HAL_TIM_PeriodElapsedCallback
                0x08001a24        0x8 CMakeFiles/My_HC05.elf.dir/Core/Src/tim_trp.c.obj
                0x08001a24                HAL_TIM_PeriodElapsedCallback
 .text.MX_USART1_UART_Init
                0x08001a2c       0x34 CMakeFiles/My_HC05.elf.dir/Core/Src/usart.c.obj
                0x08001a2c                MX_USART1_UART_Init
 .text.MX_USART2_UART_Init
                0x08001a60       0x34 CMakeFiles/My_HC05.elf.dir/Core/Src/usart.c.obj
                0x08001a60                MX_USART2_UART_Init
 .text.HAL_UART_MspInit
                0x08001a94      0x160 CMakeFiles/My_HC05.elf.dir/Core/Src/usart.c.obj
                0x08001a94                HAL_UART_MspInit
 .text.HAL_InitTick
                0x08001bf4       0x4c CMakeFiles/My_HC05.elf.dir/Drivers/STM32F4xx_HAL_Driver/Src/stm32f4xx_hal.c.obj
                0x08001bf4                HAL_InitTick
 .text.HAL_Init
                0x08001c40       0x34 CMakeFiles/My_HC05.elf.dir/Drivers/STM32F4xx_HAL_Driver/Src/stm32f4xx_hal.c.obj
                0x08001c40                HAL_Init
 .text.HAL_IncTick
                0x08001c74       0x18 CMakeFiles/My_HC05.elf.dir/Drivers/STM32F4xx_HAL_Driver/Src/stm32f4xx_hal.c.obj
                0x08001c74                HAL_IncTick
 .text.HAL_GetTick
                0x08001c8c        0xc CMakeFiles/My_HC05.elf.dir/Drivers/STM32F4xx_HAL_Driver/Src/stm32f4xx_hal.c.obj
                0x08001c8c                HAL_GetTick
 .text.HAL_Delay
                0x08001c98       0x28 CMakeFiles/My_HC05.elf.dir/Drivers/STM32F4xx_HAL_Driver/Src/stm32f4xx_hal.c.obj
                0x08001c98                HAL_Delay
 .text.HAL_NVIC_SetPriorityGrouping
                0x08001cc0       0x24 CMakeFiles/My_HC05.elf.dir/Drivers/STM32F4xx_HAL_Driver/Src/stm32f4xx_hal_cortex.c.obj
                0x08001cc0                HAL_NVIC_SetPriorityGrouping
 .text.HAL_NVIC_SetPriority
                0x08001ce4       0x70 CMakeFiles/My_HC05.elf.dir/Drivers/STM32F4xx_HAL_Driver/Src/stm32f4xx_hal_cortex.c.obj
                0x08001ce4                HAL_NVIC_SetPriority
 .text.HAL_NVIC_EnableIRQ
                0x08001d54       0x1c CMakeFiles/My_HC05.elf.dir/Drivers/STM32F4xx_HAL_Driver/Src/stm32f4xx_hal_cortex.c.obj
                0x08001d54                HAL_NVIC_EnableIRQ
 .text.HAL_SYSTICK_Config
                0x08001d70       0x28 CMakeFiles/My_HC05.elf.dir/Drivers/STM32F4xx_HAL_Driver/Src/stm32f4xx_hal_cortex.c.obj
                0x08001d70                HAL_SYSTICK_Config
 .text.DMA_CalcBaseAndBitshift
                0x08001d98       0x40 CMakeFiles/My_HC05.elf.dir/Drivers/STM32F4xx_HAL_Driver/Src/stm32f4xx_hal_dma.c.obj
 .text.DMA_CheckFifoParam
                0x08001dd8       0x8e CMakeFiles/My_HC05.elf.dir/Drivers/STM32F4xx_HAL_Driver/Src/stm32f4xx_hal_dma.c.obj
 *fill*         0x08001e66        0x2 
 .text.HAL_DMA_Init
                0x08001e68       0xcc CMakeFiles/My_HC05.elf.dir/Drivers/STM32F4xx_HAL_Driver/Src/stm32f4xx_hal_dma.c.obj
                0x08001e68                HAL_DMA_Init
 .text.HAL_DMA_Abort
                0x08001f34       0x94 CMakeFiles/My_HC05.elf.dir/Drivers/STM32F4xx_HAL_Driver/Src/stm32f4xx_hal_dma.c.obj
                0x08001f34                HAL_DMA_Abort
 .text.HAL_DMA_Abort_IT
                0x08001fc8       0x26 CMakeFiles/My_HC05.elf.dir/Drivers/STM32F4xx_HAL_Driver/Src/stm32f4xx_hal_dma.c.obj
                0x08001fc8                HAL_DMA_Abort_IT
 *fill*         0x08001fee        0x2 
 .text.HAL_DMA_IRQHandler
                0x08001ff0      0x1dc CMakeFiles/My_HC05.elf.dir/Drivers/STM32F4xx_HAL_Driver/Src/stm32f4xx_hal_dma.c.obj
                0x08001ff0                HAL_DMA_IRQHandler
 .text.HAL_GPIO_Init
                0x080021cc      0x1e4 CMakeFiles/My_HC05.elf.dir/Drivers/STM32F4xx_HAL_Driver/Src/stm32f4xx_hal_gpio.c.obj
                0x080021cc                HAL_GPIO_Init
 .text.HAL_GPIO_WritePin
                0x080023b0        0xc CMakeFiles/My_HC05.elf.dir/Drivers/STM32F4xx_HAL_Driver/Src/stm32f4xx_hal_gpio.c.obj
                0x080023b0                HAL_GPIO_WritePin
 .text.HAL_RCC_OscConfig
                0x080023bc      0x3f8 CMakeFiles/My_HC05.elf.dir/Drivers/STM32F4xx_HAL_Driver/Src/stm32f4xx_hal_rcc.c.obj
                0x080023bc                HAL_RCC_OscConfig
 .text.HAL_RCC_GetSysClockFreq
                0x080027b4       0xd4 CMakeFiles/My_HC05.elf.dir/Drivers/STM32F4xx_HAL_Driver/Src/stm32f4xx_hal_rcc.c.obj
                0x080027b4                HAL_RCC_GetSysClockFreq
 .text.HAL_RCC_ClockConfig
                0x08002888      0x160 CMakeFiles/My_HC05.elf.dir/Drivers/STM32F4xx_HAL_Driver/Src/stm32f4xx_hal_rcc.c.obj
                0x08002888                HAL_RCC_ClockConfig
 .text.HAL_RCC_GetHCLKFreq
                0x080029e8        0xc CMakeFiles/My_HC05.elf.dir/Drivers/STM32F4xx_HAL_Driver/Src/stm32f4xx_hal_rcc.c.obj
                0x080029e8                HAL_RCC_GetHCLKFreq
 .text.HAL_RCC_GetPCLK1Freq
                0x080029f4       0x20 CMakeFiles/My_HC05.elf.dir/Drivers/STM32F4xx_HAL_Driver/Src/stm32f4xx_hal_rcc.c.obj
                0x080029f4                HAL_RCC_GetPCLK1Freq
 .text.HAL_RCC_GetPCLK2Freq
                0x08002a14       0x20 CMakeFiles/My_HC05.elf.dir/Drivers/STM32F4xx_HAL_Driver/Src/stm32f4xx_hal_rcc.c.obj
                0x08002a14                HAL_RCC_GetPCLK2Freq
 .text.HAL_SPI_Init
                0x08002a34       0xbe CMakeFiles/My_HC05.elf.dir/Drivers/STM32F4xx_HAL_Driver/Src/stm32f4xx_hal_spi.c.obj
                0x08002a34                HAL_SPI_Init
 *fill*         0x08002af2        0x2 
 .text.HAL_TIM_Base_Start_IT
                0x08002af4       0x88 CMakeFiles/My_HC05.elf.dir/Drivers/STM32F4xx_HAL_Driver/Src/stm32f4xx_hal_tim.c.obj
                0x08002af4                HAL_TIM_Base_Start_IT
 .text.HAL_TIM_OC_DelayElapsedCallback
                0x08002b7c        0x2 CMakeFiles/My_HC05.elf.dir/Drivers/STM32F4xx_HAL_Driver/Src/stm32f4xx_hal_tim.c.obj
                0x08002b7c                HAL_TIM_OC_DelayElapsedCallback
 .text.HAL_TIM_IC_CaptureCallback
                0x08002b7e        0x2 CMakeFiles/My_HC05.elf.dir/Drivers/STM32F4xx_HAL_Driver/Src/stm32f4xx_hal_tim.c.obj
                0x08002b7e                HAL_TIM_IC_CaptureCallback
 .text.HAL_TIM_PWM_PulseFinishedCallback
                0x08002b80        0x2 CMakeFiles/My_HC05.elf.dir/Drivers/STM32F4xx_HAL_Driver/Src/stm32f4xx_hal_tim.c.obj
                0x08002b80                HAL_TIM_PWM_PulseFinishedCallback
 .text.HAL_TIM_TriggerCallback
                0x08002b82        0x2 CMakeFiles/My_HC05.elf.dir/Drivers/STM32F4xx_HAL_Driver/Src/stm32f4xx_hal_tim.c.obj
                0x08002b82                HAL_TIM_TriggerCallback
 .text.HAL_TIM_IRQHandler
                0x08002b84      0x17a CMakeFiles/My_HC05.elf.dir/Drivers/STM32F4xx_HAL_Driver/Src/stm32f4xx_hal_tim.c.obj
                0x08002b84                HAL_TIM_IRQHandler
 *fill*         0x08002cfe        0x2 
 .text.TIM_Base_SetConfig
                0x08002d00       0xc8 CMakeFiles/My_HC05.elf.dir/Drivers/STM32F4xx_HAL_Driver/Src/stm32f4xx_hal_tim.c.obj
                0x08002d00                TIM_Base_SetConfig
 .text.HAL_TIM_Base_Init
                0x08002dc8       0x58 CMakeFiles/My_HC05.elf.dir/Drivers/STM32F4xx_HAL_Driver/Src/stm32f4xx_hal_tim.c.obj
                0x08002dc8                HAL_TIM_Base_Init
 .text.HAL_TIMEx_CommutCallback
                0x08002e20        0x2 CMakeFiles/My_HC05.elf.dir/Drivers/STM32F4xx_HAL_Driver/Src/stm32f4xx_hal_tim_ex.c.obj
                0x08002e20                HAL_TIMEx_CommutCallback
 .text.HAL_TIMEx_BreakCallback
                0x08002e22        0x2 CMakeFiles/My_HC05.elf.dir/Drivers/STM32F4xx_HAL_Driver/Src/stm32f4xx_hal_tim_ex.c.obj
                0x08002e22                HAL_TIMEx_BreakCallback
 .text.UART_EndRxTransfer
                0x08002e24       0x32 CMakeFiles/My_HC05.elf.dir/Drivers/STM32F4xx_HAL_Driver/Src/stm32f4xx_hal_uart.c.obj
 .text.UART_Transmit_IT
                0x08002e56       0x60 CMakeFiles/My_HC05.elf.dir/Drivers/STM32F4xx_HAL_Driver/Src/stm32f4xx_hal_uart.c.obj
 *fill*         0x08002eb6        0x2 
 .text.UART_SetConfig
                0x08002eb8      0x110 CMakeFiles/My_HC05.elf.dir/Drivers/STM32F4xx_HAL_Driver/Src/stm32f4xx_hal_uart.c.obj
 .text.UART_WaitOnFlagUntilTimeout
                0x08002fc8       0x6c CMakeFiles/My_HC05.elf.dir/Drivers/STM32F4xx_HAL_Driver/Src/stm32f4xx_hal_uart.c.obj
 .text.HAL_UART_Init
                0x08003034       0x5e CMakeFiles/My_HC05.elf.dir/Drivers/STM32F4xx_HAL_Driver/Src/stm32f4xx_hal_uart.c.obj
                0x08003034                HAL_UART_Init
 .text.HAL_UART_Transmit
                0x08003092       0xd8 CMakeFiles/My_HC05.elf.dir/Drivers/STM32F4xx_HAL_Driver/Src/stm32f4xx_hal_uart.c.obj
                0x08003092                HAL_UART_Transmit
 .text.HAL_UART_TxCpltCallback
                0x0800316a        0x2 CMakeFiles/My_HC05.elf.dir/Drivers/STM32F4xx_HAL_Driver/Src/stm32f4xx_hal_uart.c.obj
                0x0800316a                HAL_UART_TxCpltCallback
 .text.UART_EndTransmit_IT
                0x0800316c       0x1a CMakeFiles/My_HC05.elf.dir/Drivers/STM32F4xx_HAL_Driver/Src/stm32f4xx_hal_uart.c.obj
 .text.HAL_UART_ErrorCallback
                0x08003186        0x2 CMakeFiles/My_HC05.elf.dir/Drivers/STM32F4xx_HAL_Driver/Src/stm32f4xx_hal_uart.c.obj
                0x08003186                HAL_UART_ErrorCallback
 .text.UART_DMAAbortOnError
                0x08003188       0x10 CMakeFiles/My_HC05.elf.dir/Drivers/STM32F4xx_HAL_Driver/Src/stm32f4xx_hal_uart.c.obj
 .text.HAL_UARTEx_RxEventCallback
                0x08003198        0x2 CMakeFiles/My_HC05.elf.dir/Drivers/STM32F4xx_HAL_Driver/Src/stm32f4xx_hal_uart.c.obj
                0x08003198                HAL_UARTEx_RxEventCallback
 .text.UART_Receive_IT
                0x0800319a       0xba CMakeFiles/My_HC05.elf.dir/Drivers/STM32F4xx_HAL_Driver/Src/stm32f4xx_hal_uart.c.obj
 .text.HAL_UART_IRQHandler
                0x08003254      0x208 CMakeFiles/My_HC05.elf.dir/Drivers/STM32F4xx_HAL_Driver/Src/stm32f4xx_hal_uart.c.obj
                0x08003254                HAL_UART_IRQHandler
 .text.UART_Start_Receive_IT
                0x0800345c       0x36 CMakeFiles/My_HC05.elf.dir/Drivers/STM32F4xx_HAL_Driver/Src/stm32f4xx_hal_uart.c.obj
                0x0800345c                UART_Start_Receive_IT
 .text.HAL_UART_Receive_IT
                0x08003492       0x38 CMakeFiles/My_HC05.elf.dir/Drivers/STM32F4xx_HAL_Driver/Src/stm32f4xx_hal_uart.c.obj
                0x08003492                HAL_UART_Receive_IT
 *fill*         0x080034ca        0x2 
 .text.HAL_UART_RxCpltCallback
                0x080034cc       0x54 CMakeFiles/My_HC05.elf.dir/Hardwares/HC05/hc05.c.obj
                0x080034cc                HAL_UART_RxCpltCallback
 .text.readValuePack
                0x08003520      0x258 CMakeFiles/My_HC05.elf.dir/Hardwares/HC05/hc05.c.obj
                0x08003520                readValuePack
 .text.sendValuePack
                0x08003778       0xa8 CMakeFiles/My_HC05.elf.dir/Hardwares/HC05/hc05.c.obj
                0x08003778                sendValuePack
 .text.spi_lock
                0x08003820        0x4 CMakeFiles/My_HC05.elf.dir/Middlewares/SFUD/port/sfud_port.c.obj
 .text.spi_unlock
                0x08003824        0x4 CMakeFiles/My_HC05.elf.dir/Middlewares/SFUD/port/sfud_port.c.obj
 .text.retry_delay_100us
                0x08003828        0xe CMakeFiles/My_HC05.elf.dir/Middlewares/SFUD/port/sfud_port.c.obj
 .text.spi_write_read
                0x08003836       0xaa CMakeFiles/My_HC05.elf.dir/Middlewares/SFUD/port/sfud_port.c.obj
 .text.sfud_spi_port_init
                0x080038e0       0x48 CMakeFiles/My_HC05.elf.dir/Middlewares/SFUD/port/sfud_port.c.obj
                0x080038e0                sfud_spi_port_init
 .text.sfud_log_debug
                0x08003928        0x6 CMakeFiles/My_HC05.elf.dir/Middlewares/SFUD/port/sfud_port.c.obj
                0x08003928                sfud_log_debug
 .text.sfud_log_info
                0x0800392e        0x6 CMakeFiles/My_HC05.elf.dir/Middlewares/SFUD/port/sfud_port.c.obj
                0x0800392e                sfud_log_info
 .text.read_jedec_id
                0x08003934       0x80 CMakeFiles/My_HC05.elf.dir/Middlewares/SFUD/src/sfud.c.obj
 .text.software_init
                0x080039b4       0x30 CMakeFiles/My_HC05.elf.dir/Middlewares/SFUD/src/sfud.c.obj
 .text.make_adress_byte_array
                0x080039e4       0x78 CMakeFiles/My_HC05.elf.dir/Middlewares/SFUD/src/sfud.c.obj
 .text.sfud_get_device_table
                0x08003a5c        0x8 CMakeFiles/My_HC05.elf.dir/Middlewares/SFUD/src/sfud.c.obj
                0x08003a5c                sfud_get_device_table
 .text.sfud_read_status
                0x08003a64       0x60 CMakeFiles/My_HC05.elf.dir/Middlewares/SFUD/src/sfud.c.obj
                0x08003a64                sfud_read_status
 .text.wait_busy
                0x08003ac4       0x74 CMakeFiles/My_HC05.elf.dir/Middlewares/SFUD/src/sfud.c.obj
 .text.reset    0x08003b38       0xa0 CMakeFiles/My_HC05.elf.dir/Middlewares/SFUD/src/sfud.c.obj
 .text.sfud_read
                0x08003bd8       0xd8 CMakeFiles/My_HC05.elf.dir/Middlewares/SFUD/src/sfud.c.obj
                0x08003bd8                sfud_read
 .text.set_write_enabled
                0x08003cb0       0x9c CMakeFiles/My_HC05.elf.dir/Middlewares/SFUD/src/sfud.c.obj
 .text.set_4_byte_address_mode
                0x08003d4c       0x9c CMakeFiles/My_HC05.elf.dir/Middlewares/SFUD/src/sfud.c.obj
 .text.sfud_chip_erase
                0x08003de8       0xd4 CMakeFiles/My_HC05.elf.dir/Middlewares/SFUD/src/sfud.c.obj
                0x08003de8                sfud_chip_erase
 .text.sfud_erase
                0x08003ebc      0x144 CMakeFiles/My_HC05.elf.dir/Middlewares/SFUD/src/sfud.c.obj
                0x08003ebc                sfud_erase
 .text.page256_or_1_byte_write
                0x08004000      0x154 CMakeFiles/My_HC05.elf.dir/Middlewares/SFUD/src/sfud.c.obj
 .text.aai_write
                0x08004154      0x178 CMakeFiles/My_HC05.elf.dir/Middlewares/SFUD/src/sfud.c.obj
 .text.sfud_write
                0x080042cc       0x2e CMakeFiles/My_HC05.elf.dir/Middlewares/SFUD/src/sfud.c.obj
                0x080042cc                sfud_write
 *fill*         0x080042fa        0x2 
 .text.sfud_write_status
                0x080042fc       0x84 CMakeFiles/My_HC05.elf.dir/Middlewares/SFUD/src/sfud.c.obj
                0x080042fc                sfud_write_status
 .text.hardware_init
                0x08004380      0x214 CMakeFiles/My_HC05.elf.dir/Middlewares/SFUD/src/sfud.c.obj
 .text.sfud_device_init
                0x08004594       0x44 CMakeFiles/My_HC05.elf.dir/Middlewares/SFUD/src/sfud.c.obj
                0x08004594                sfud_device_init
 .text.sfud_init
                0x080045d8       0x50 CMakeFiles/My_HC05.elf.dir/Middlewares/SFUD/src/sfud.c.obj
                0x080045d8                sfud_init
 .text.read_sfdp_data
                0x08004628       0xb4 CMakeFiles/My_HC05.elf.dir/Middlewares/SFUD/src/sfud_sfdp.c.obj
 .text.read_sfdp_header
                0x080046dc       0xc4 CMakeFiles/My_HC05.elf.dir/Middlewares/SFUD/src/sfud_sfdp.c.obj
 .text.read_basic_header
                0x080047a0       0xd8 CMakeFiles/My_HC05.elf.dir/Middlewares/SFUD/src/sfud_sfdp.c.obj
 .text.read_basic_table
                0x08004878      0x388 CMakeFiles/My_HC05.elf.dir/Middlewares/SFUD/src/sfud_sfdp.c.obj
 .text.sfud_read_sfdp
                0x08004c00       0x58 CMakeFiles/My_HC05.elf.dir/Middlewares/SFUD/src/sfud_sfdp.c.obj
                0x08004c00                sfud_read_sfdp
 .text.sfud_sfdp_get_suitable_eraser
                0x08004c58       0x6c CMakeFiles/My_HC05.elf.dir/Middlewares/SFUD/src/sfud_sfdp.c.obj
                0x08004c58                sfud_sfdp_get_suitable_eraser
 .text.Reset_Handler
                0x08004cc4       0x50 CMakeFiles/My_HC05.elf.dir/startup/startup_stm32f407xx.s.obj
                0x08004cc4                Reset_Handler
 .text.Default_Handler
                0x08004d14        0x2 CMakeFiles/My_HC05.elf.dir/startup/startup_stm32f407xx.s.obj
                0x08004d14                RTC_Alarm_IRQHandler
                0x08004d14                HASH_RNG_IRQHandler
                0x08004d14                EXTI2_IRQHandler
                0x08004d14                TIM8_CC_IRQHandler
                0x08004d14                TIM1_CC_IRQHandler
                0x08004d14                DMA2_Stream5_IRQHandler
                0x08004d14                PVD_IRQHandler
                0x08004d14                SDIO_IRQHandler
                0x08004d14                TAMP_STAMP_IRQHandler
                0x08004d14                CAN2_RX1_IRQHandler
                0x08004d14                EXTI3_IRQHandler
                0x08004d14                TIM1_UP_TIM10_IRQHandler
                0x08004d14                TIM8_UP_TIM13_IRQHandler
                0x08004d14                I2C3_ER_IRQHandler
                0x08004d14                EXTI0_IRQHandler
                0x08004d14                I2C2_EV_IRQHandler
                0x08004d14                DMA1_Stream2_IRQHandler
                0x08004d14                CAN1_RX0_IRQHandler
                0x08004d14                FPU_IRQHandler
                0x08004d14                OTG_HS_WKUP_IRQHandler
                0x08004d14                CAN2_SCE_IRQHandler
                0x08004d14                DMA2_Stream2_IRQHandler
                0x08004d14                SPI1_IRQHandler
                0x08004d14                TIM6_DAC_IRQHandler
                0x08004d14                TIM1_BRK_TIM9_IRQHandler
                0x08004d14                DCMI_IRQHandler
                0x08004d14                CAN2_RX0_IRQHandler
                0x08004d14                DMA2_Stream3_IRQHandler
                0x08004d14                USART6_IRQHandler
                0x08004d14                USART3_IRQHandler
                0x08004d14                CAN1_RX1_IRQHandler
                0x08004d14                UART5_IRQHandler
                0x08004d14                DMA2_Stream0_IRQHandler
                0x08004d14                TIM4_IRQHandler
                0x08004d14                I2C1_EV_IRQHandler
                0x08004d14                DMA1_Stream1_IRQHandler
                0x08004d14                UART4_IRQHandler
                0x08004d14                TIM3_IRQHandler
                0x08004d14                RCC_IRQHandler
                0x08004d14                TIM8_BRK_TIM12_IRQHandler
                0x08004d14                Default_Handler
                0x08004d14                EXTI15_10_IRQHandler
                0x08004d14                ADC_IRQHandler
                0x08004d14                DMA1_Stream7_IRQHandler
                0x08004d14                TIM7_IRQHandler
                0x08004d14                CAN2_TX_IRQHandler
                0x08004d14                TIM5_IRQHandler
                0x08004d14                DMA2_Stream7_IRQHandler
                0x08004d14                I2C3_EV_IRQHandler
                0x08004d14                EXTI9_5_IRQHandler
                0x08004d14                RTC_WKUP_IRQHandler
                0x08004d14                ETH_WKUP_IRQHandler
                0x08004d14                SPI2_IRQHandler
                0x08004d14                OTG_HS_EP1_IN_IRQHandler
                0x08004d14                DMA1_Stream0_IRQHandler
                0x08004d14                CAN1_TX_IRQHandler
                0x08004d14                EXTI4_IRQHandler
                0x08004d14                FSMC_IRQHandler
                0x08004d14                ETH_IRQHandler
                0x08004d14                OTG_HS_EP1_OUT_IRQHandler
                0x08004d14                WWDG_IRQHandler
                0x08004d14                TIM2_IRQHandler
                0x08004d14                OTG_FS_WKUP_IRQHandler
                0x08004d14                TIM1_TRG_COM_TIM11_IRQHandler
                0x08004d14                OTG_HS_IRQHandler
                0x08004d14                EXTI1_IRQHandler
                0x08004d14                I2C2_ER_IRQHandler
                0x08004d14                DMA2_Stream1_IRQHandler
                0x08004d14                CAN1_SCE_IRQHandler
                0x08004d14                FLASH_IRQHandler
                0x08004d14                DMA2_Stream4_IRQHandler
                0x08004d14                OTG_FS_IRQHandler
                0x08004d14                SPI3_IRQHandler
                0x08004d14                DMA1_Stream4_IRQHandler
                0x08004d14                I2C1_ER_IRQHandler
                0x08004d14                DMA2_Stream6_IRQHandler
                0x08004d14                DMA1_Stream3_IRQHandler
 *fill*         0x08004d16        0x2 
 .text.__errno  0x08004d18        0xc c:/progra~2/gnuarm~1/102020~1/bin/../lib/gcc/arm-none-eabi/10.2.1/../../../../arm-none-eabi/lib/thumb/v7e-m/nofp\libg.a(lib_a-errno.o)
                0x08004d18                __errno
 .text.__libc_init_array
                0x08004d24       0x48 c:/progra~2/gnuarm~1/102020~1/bin/../lib/gcc/arm-none-eabi/10.2.1/../../../../arm-none-eabi/lib/thumb/v7e-m/nofp\libg.a(lib_a-init.o)
                0x08004d24                __libc_init_array
 .text.memset   0x08004d6c       0xa4 c:/progra~2/gnuarm~1/102020~1/bin/../lib/gcc/arm-none-eabi/10.2.1/../../../../arm-none-eabi/lib/thumb/v7e-m/nofp\libg.a(lib_a-memset.o)
                0x08004d6c                memset
 .text.printf   0x08004e10       0x28 c:/progra~2/gnuarm~1/102020~1/bin/../lib/gcc/arm-none-eabi/10.2.1/../../../../arm-none-eabi/lib/thumb/v7e-m/nofp\libg.a(lib_a-printf.o)
                0x08004e10                printf
 .text._puts_r  0x08004e38       0x9c c:/progra~2/gnuarm~1/102020~1/bin/../lib/gcc/arm-none-eabi/10.2.1/../../../../arm-none-eabi/lib/thumb/v7e-m/nofp\libg.a(lib_a-puts.o)
                0x08004e38                _puts_r
 .text.puts     0x08004ed4       0x10 c:/progra~2/gnuarm~1/102020~1/bin/../lib/gcc/arm-none-eabi/10.2.1/../../../../arm-none-eabi/lib/thumb/v7e-m/nofp\libg.a(lib_a-puts.o)
                0x08004ed4                puts
 .text._vfprintf_r
                0x08004ee4     0x1ad4 c:/progra~2/gnuarm~1/102020~1/bin/../lib/gcc/arm-none-eabi/10.2.1/../../../../arm-none-eabi/lib/thumb/v7e-m/nofp\libg.a(lib_a-vfprintf.o)
                0x08004ee4                _vfprintf_r
 .text.__sbprintf
                0x080069b8       0x80 c:/progra~2/gnuarm~1/102020~1/bin/../lib/gcc/arm-none-eabi/10.2.1/../../../../arm-none-eabi/lib/thumb/v7e-m/nofp\libg.a(lib_a-vfprintf.o)
 .text.__swsetup_r
                0x08006a38       0xd4 c:/progra~2/gnuarm~1/102020~1/bin/../lib/gcc/arm-none-eabi/10.2.1/../../../../arm-none-eabi/lib/thumb/v7e-m/nofp\libg.a(lib_a-wsetup.o)
                0x08006a38                __swsetup_r
 .text.startup.register_fini
                0x08006b0c       0x14 c:/progra~2/gnuarm~1/102020~1/bin/../lib/gcc/arm-none-eabi/10.2.1/../../../../arm-none-eabi/lib/thumb/v7e-m/nofp\libg.a(lib_a-__call_atexit.o)
 .text.atexit   0x08006b20        0xc c:/progra~2/gnuarm~1/102020~1/bin/../lib/gcc/arm-none-eabi/10.2.1/../../../../arm-none-eabi/lib/thumb/v7e-m/nofp\libg.a(lib_a-atexit.o)
                0x08006b20                atexit
 .text.quorem   0x08006b2c      0x124 c:/progra~2/gnuarm~1/102020~1/bin/../lib/gcc/arm-none-eabi/10.2.1/../../../../arm-none-eabi/lib/thumb/v7e-m/nofp\libg.a(lib_a-dtoa.o)
 .text._dtoa_r  0x08006c50      0xec4 c:/progra~2/gnuarm~1/102020~1/bin/../lib/gcc/arm-none-eabi/10.2.1/../../../../arm-none-eabi/lib/thumb/v7e-m/nofp\libg.a(lib_a-dtoa.o)
                0x08006c50                _dtoa_r
 .text.__sflush_r
                0x08007b14      0x120 c:/progra~2/gnuarm~1/102020~1/bin/../lib/gcc/arm-none-eabi/10.2.1/../../../../arm-none-eabi/lib/thumb/v7e-m/nofp\libg.a(lib_a-fflush.o)
                0x08007b14                __sflush_r
 .text._fflush_r
                0x08007c34       0x5c c:/progra~2/gnuarm~1/102020~1/bin/../lib/gcc/arm-none-eabi/10.2.1/../../../../arm-none-eabi/lib/thumb/v7e-m/nofp\libg.a(lib_a-fflush.o)
                0x08007c34                _fflush_r
 .text._cleanup_r
                0x08007c90        0xc c:/progra~2/gnuarm~1/102020~1/bin/../lib/gcc/arm-none-eabi/10.2.1/../../../../arm-none-eabi/lib/thumb/v7e-m/nofp\libg.a(lib_a-findfp.o)
                0x08007c90                _cleanup_r
 .text.__sinit  0x08007c9c      0x10c c:/progra~2/gnuarm~1/102020~1/bin/../lib/gcc/arm-none-eabi/10.2.1/../../../../arm-none-eabi/lib/thumb/v7e-m/nofp\libg.a(lib_a-findfp.o)
                0x08007c9c                __sinit
 .text.__sfp_lock_acquire
                0x08007da8        0xc c:/progra~2/gnuarm~1/102020~1/bin/../lib/gcc/arm-none-eabi/10.2.1/../../../../arm-none-eabi/lib/thumb/v7e-m/nofp\libg.a(lib_a-findfp.o)
                0x08007da8                __sfp_lock_acquire
 .text.__sfp_lock_release
                0x08007db4        0xc c:/progra~2/gnuarm~1/102020~1/bin/../lib/gcc/arm-none-eabi/10.2.1/../../../../arm-none-eabi/lib/thumb/v7e-m/nofp\libg.a(lib_a-findfp.o)
                0x08007db4                __sfp_lock_release
 .text.__libc_fini_array
                0x08007dc0       0x2c c:/progra~2/gnuarm~1/102020~1/bin/../lib/gcc/arm-none-eabi/10.2.1/../../../../arm-none-eabi/lib/thumb/v7e-m/nofp\libg.a(lib_a-fini.o)
                0x08007dc0                __libc_fini_array
 .text._malloc_trim_r
                0x08007dec       0xa0 c:/progra~2/gnuarm~1/102020~1/bin/../lib/gcc/arm-none-eabi/10.2.1/../../../../arm-none-eabi/lib/thumb/v7e-m/nofp\libg.a(lib_a-freer.o)
                0x08007dec                _malloc_trim_r
 .text._free_r  0x08007e8c      0x20c c:/progra~2/gnuarm~1/102020~1/bin/../lib/gcc/arm-none-eabi/10.2.1/../../../../arm-none-eabi/lib/thumb/v7e-m/nofp\libg.a(lib_a-freer.o)
                0x08007e8c                _free_r
 .text.__sfvwrite_r
                0x08008098      0x2e8 c:/progra~2/gnuarm~1/102020~1/bin/../lib/gcc/arm-none-eabi/10.2.1/../../../../arm-none-eabi/lib/thumb/v7e-m/nofp\libg.a(lib_a-fvwrite.o)
                0x08008098                __sfvwrite_r
 .text._fwalk_reent
                0x08008380       0x48 c:/progra~2/gnuarm~1/102020~1/bin/../lib/gcc/arm-none-eabi/10.2.1/../../../../arm-none-eabi/lib/thumb/v7e-m/nofp\libg.a(lib_a-fwalk.o)
                0x08008380                _fwalk_reent
 .text._localeconv_r
                0x080083c8        0x8 c:/progra~2/gnuarm~1/102020~1/bin/../lib/gcc/arm-none-eabi/10.2.1/../../../../arm-none-eabi/lib/thumb/v7e-m/nofp\libg.a(lib_a-localeconv.o)
                0x080083c8                _localeconv_r
 .text.__retarget_lock_init_recursive
                0x080083d0        0x4 c:/progra~2/gnuarm~1/102020~1/bin/../lib/gcc/arm-none-eabi/10.2.1/../../../../arm-none-eabi/lib/thumb/v7e-m/nofp\libg.a(lib_a-lock.o)
                0x080083d0                __retarget_lock_init_recursive
 .text.__retarget_lock_close_recursive
                0x080083d4        0x4 c:/progra~2/gnuarm~1/102020~1/bin/../lib/gcc/arm-none-eabi/10.2.1/../../../../arm-none-eabi/lib/thumb/v7e-m/nofp\libg.a(lib_a-lock.o)
                0x080083d4                __retarget_lock_close_recursive
 .text.__retarget_lock_acquire_recursive
                0x080083d8        0x4 c:/progra~2/gnuarm~1/102020~1/bin/../lib/gcc/arm-none-eabi/10.2.1/../../../../arm-none-eabi/lib/thumb/v7e-m/nofp\libg.a(lib_a-lock.o)
                0x080083d8                __retarget_lock_acquire_recursive
 .text.__retarget_lock_release_recursive
                0x080083dc        0x4 c:/progra~2/gnuarm~1/102020~1/bin/../lib/gcc/arm-none-eabi/10.2.1/../../../../arm-none-eabi/lib/thumb/v7e-m/nofp\libg.a(lib_a-lock.o)
                0x080083dc                __retarget_lock_release_recursive
 .text.__smakebuf_r
                0x080083e0       0xe0 c:/progra~2/gnuarm~1/102020~1/bin/../lib/gcc/arm-none-eabi/10.2.1/../../../../arm-none-eabi/lib/thumb/v7e-m/nofp\libg.a(lib_a-makebuf.o)
                0x080083e0                __smakebuf_r
 .text._malloc_r
                0x080084c0      0x560 c:/progra~2/gnuarm~1/102020~1/bin/../lib/gcc/arm-none-eabi/10.2.1/../../../../arm-none-eabi/lib/thumb/v7e-m/nofp\libg.a(lib_a-mallocr.o)
                0x080084c0                _malloc_r
 .text.memmove  0x08008a20       0xf8 c:/progra~2/gnuarm~1/102020~1/bin/../lib/gcc/arm-none-eabi/10.2.1/../../../../arm-none-eabi/lib/thumb/v7e-m/nofp\libg.a(lib_a-memmove.o)
                0x08008a20                memmove
 .text.__malloc_lock
                0x08008b18        0xc c:/progra~2/gnuarm~1/102020~1/bin/../lib/gcc/arm-none-eabi/10.2.1/../../../../arm-none-eabi/lib/thumb/v7e-m/nofp\libg.a(lib_a-mlock.o)
                0x08008b18                __malloc_lock
 .text.__malloc_unlock
                0x08008b24        0xc c:/progra~2/gnuarm~1/102020~1/bin/../lib/gcc/arm-none-eabi/10.2.1/../../../../arm-none-eabi/lib/thumb/v7e-m/nofp\libg.a(lib_a-mlock.o)
                0x08008b24                __malloc_unlock
 .text._Balloc  0x08008b30       0x4c c:/progra~2/gnuarm~1/102020~1/bin/../lib/gcc/arm-none-eabi/10.2.1/../../../../arm-none-eabi/lib/thumb/v7e-m/nofp\libg.a(lib_a-mprec.o)
                0x08008b30                _Balloc
 .text._Bfree   0x08008b7c       0x14 c:/progra~2/gnuarm~1/102020~1/bin/../lib/gcc/arm-none-eabi/10.2.1/../../../../arm-none-eabi/lib/thumb/v7e-m/nofp\libg.a(lib_a-mprec.o)
                0x08008b7c                _Bfree
 .text.__multadd
                0x08008b90       0xa0 c:/progra~2/gnuarm~1/102020~1/bin/../lib/gcc/arm-none-eabi/10.2.1/../../../../arm-none-eabi/lib/thumb/v7e-m/nofp\libg.a(lib_a-mprec.o)
                0x08008b90                __multadd
 .text.__hi0bits
                0x08008c30       0x40 c:/progra~2/gnuarm~1/102020~1/bin/../lib/gcc/arm-none-eabi/10.2.1/../../../../arm-none-eabi/lib/thumb/v7e-m/nofp\libg.a(lib_a-mprec.o)
                0x08008c30                __hi0bits
 .text.__lo0bits
                0x08008c70       0x5c c:/progra~2/gnuarm~1/102020~1/bin/../lib/gcc/arm-none-eabi/10.2.1/../../../../arm-none-eabi/lib/thumb/v7e-m/nofp\libg.a(lib_a-mprec.o)
                0x08008c70                __lo0bits
 .text.__i2b    0x08008ccc       0x5c c:/progra~2/gnuarm~1/102020~1/bin/../lib/gcc/arm-none-eabi/10.2.1/../../../../arm-none-eabi/lib/thumb/v7e-m/nofp\libg.a(lib_a-mprec.o)
                0x08008ccc                __i2b
 .text.__multiply
                0x08008d28      0x15c c:/progra~2/gnuarm~1/102020~1/bin/../lib/gcc/arm-none-eabi/10.2.1/../../../../arm-none-eabi/lib/thumb/v7e-m/nofp\libg.a(lib_a-mprec.o)
                0x08008d28                __multiply
 .text.__pow5mult
                0x08008e84       0xc0 c:/progra~2/gnuarm~1/102020~1/bin/../lib/gcc/arm-none-eabi/10.2.1/../../../../arm-none-eabi/lib/thumb/v7e-m/nofp\libg.a(lib_a-mprec.o)
                0x08008e84                __pow5mult
 .text.__lshift
                0x08008f44       0xf0 c:/progra~2/gnuarm~1/102020~1/bin/../lib/gcc/arm-none-eabi/10.2.1/../../../../arm-none-eabi/lib/thumb/v7e-m/nofp\libg.a(lib_a-mprec.o)
                0x08008f44                __lshift
 .text.__mcmp   0x08009034       0x40 c:/progra~2/gnuarm~1/102020~1/bin/../lib/gcc/arm-none-eabi/10.2.1/../../../../arm-none-eabi/lib/thumb/v7e-m/nofp\libg.a(lib_a-mprec.o)
                0x08009034                __mcmp
 .text.__mdiff  0x08009074      0x14c c:/progra~2/gnuarm~1/102020~1/bin/../lib/gcc/arm-none-eabi/10.2.1/../../../../arm-none-eabi/lib/thumb/v7e-m/nofp\libg.a(lib_a-mprec.o)
                0x08009074                __mdiff
 .text.__d2b    0x080091c0       0xc4 c:/progra~2/gnuarm~1/102020~1/bin/../lib/gcc/arm-none-eabi/10.2.1/../../../../arm-none-eabi/lib/thumb/v7e-m/nofp\libg.a(lib_a-mprec.o)
                0x080091c0                __d2b
 .text._realloc_r
                0x08009284      0x3d8 c:/progra~2/gnuarm~1/102020~1/bin/../lib/gcc/arm-none-eabi/10.2.1/../../../../arm-none-eabi/lib/thumb/v7e-m/nofp\libg.a(lib_a-reallocr.o)
                0x08009284                _realloc_r
 .text.frexp    0x0800965c       0x70 c:/progra~2/gnuarm~1/102020~1/bin/../lib/gcc/arm-none-eabi/10.2.1/../../../../arm-none-eabi/lib/thumb/v7e-m/nofp\libg.a(lib_a-s_frexp.o)
                0x0800965c                frexp
 .text._sbrk_r  0x080096cc       0x24 c:/progra~2/gnuarm~1/102020~1/bin/../lib/gcc/arm-none-eabi/10.2.1/../../../../arm-none-eabi/lib/thumb/v7e-m/nofp\libg.a(lib_a-sbrkr.o)
                0x080096cc                _sbrk_r
 .text.__sread  0x080096f0       0x24 c:/progra~2/gnuarm~1/102020~1/bin/../lib/gcc/arm-none-eabi/10.2.1/../../../../arm-none-eabi/lib/thumb/v7e-m/nofp\libg.a(lib_a-stdio.o)
                0x080096f0                __sread
 .text.__swrite
                0x08009714       0x40 c:/progra~2/gnuarm~1/102020~1/bin/../lib/gcc/arm-none-eabi/10.2.1/../../../../arm-none-eabi/lib/thumb/v7e-m/nofp\libg.a(lib_a-stdio.o)
                0x08009714                __swrite
 .text.__sseek  0x08009754       0x20 c:/progra~2/gnuarm~1/102020~1/bin/../lib/gcc/arm-none-eabi/10.2.1/../../../../arm-none-eabi/lib/thumb/v7e-m/nofp\libg.a(lib_a-stdio.o)
                0x08009754                __sseek
 .text.__sclose
                0x08009774        0x8 c:/progra~2/gnuarm~1/102020~1/bin/../lib/gcc/arm-none-eabi/10.2.1/../../../../arm-none-eabi/lib/thumb/v7e-m/nofp\libg.a(lib_a-stdio.o)
                0x08009774                __sclose
 .text.strncpy  0x0800977c       0x64 c:/progra~2/gnuarm~1/102020~1/bin/../lib/gcc/arm-none-eabi/10.2.1/../../../../arm-none-eabi/lib/thumb/v7e-m/nofp\libg.a(lib_a-strncpy.o)
                0x0800977c                strncpy
 .text.__sprint_r.part.0
                0x080097e0       0x78 c:/progra~2/gnuarm~1/102020~1/bin/../lib/gcc/arm-none-eabi/10.2.1/../../../../arm-none-eabi/lib/thumb/v7e-m/nofp\libg.a(lib_a-vfiprintf.o)
 .text.__sprint_r
                0x08009858       0x14 c:/progra~2/gnuarm~1/102020~1/bin/../lib/gcc/arm-none-eabi/10.2.1/../../../../arm-none-eabi/lib/thumb/v7e-m/nofp\libg.a(lib_a-vfiprintf.o)
                0x08009858                __sprint_r
 .text._vfiprintf_r
                0x0800986c      0xd94 c:/progra~2/gnuarm~1/102020~1/bin/../lib/gcc/arm-none-eabi/10.2.1/../../../../arm-none-eabi/lib/thumb/v7e-m/nofp\libg.a(lib_a-vfiprintf.o)
                0x0800986c                _vfiprintf_r
 .text.__sbprintf
                0x0800a600       0x80 c:/progra~2/gnuarm~1/102020~1/bin/../lib/gcc/arm-none-eabi/10.2.1/../../../../arm-none-eabi/lib/thumb/v7e-m/nofp\libg.a(lib_a-vfiprintf.o)
 .text._write_r
                0x0800a680       0x2c c:/progra~2/gnuarm~1/102020~1/bin/../lib/gcc/arm-none-eabi/10.2.1/../../../../arm-none-eabi/lib/thumb/v7e-m/nofp\libg.a(lib_a-writer.o)
                0x0800a680                _write_r
 .text.__register_exitproc
                0x0800a6ac       0x8c c:/progra~2/gnuarm~1/102020~1/bin/../lib/gcc/arm-none-eabi/10.2.1/../../../../arm-none-eabi/lib/thumb/v7e-m/nofp\libg.a(lib_a-__atexit.o)
                0x0800a6ac                __register_exitproc
 .text.__assert_func
                0x0800a738       0x40 c:/progra~2/gnuarm~1/102020~1/bin/../lib/gcc/arm-none-eabi/10.2.1/../../../../arm-none-eabi/lib/thumb/v7e-m/nofp\libg.a(lib_a-assert.o)
                0x0800a738                __assert_func
 .text._calloc_r
                0x0800a778       0x60 c:/progra~2/gnuarm~1/102020~1/bin/../lib/gcc/arm-none-eabi/10.2.1/../../../../arm-none-eabi/lib/thumb/v7e-m/nofp\libg.a(lib_a-callocr.o)
                0x0800a778                _calloc_r
 .text._close_r
                0x0800a7d8       0x24 c:/progra~2/gnuarm~1/102020~1/bin/../lib/gcc/arm-none-eabi/10.2.1/../../../../arm-none-eabi/lib/thumb/v7e-m/nofp\libg.a(lib_a-closer.o)
                0x0800a7d8                _close_r
 .text._fclose_r
                0x0800a7fc       0xcc c:/progra~2/gnuarm~1/102020~1/bin/../lib/gcc/arm-none-eabi/10.2.1/../../../../arm-none-eabi/lib/thumb/v7e-m/nofp\libg.a(lib_a-fclose.o)
                0x0800a7fc                _fclose_r
 .text.fiprintf
                0x0800a8c8       0x28 c:/progra~2/gnuarm~1/102020~1/bin/../lib/gcc/arm-none-eabi/10.2.1/../../../../arm-none-eabi/lib/thumb/v7e-m/nofp\libg.a(lib_a-fiprintf.o)
                0x0800a8c8                fiprintf
 .text.__fputwc
                0x0800a8f0       0xa8 c:/progra~2/gnuarm~1/102020~1/bin/../lib/gcc/arm-none-eabi/10.2.1/../../../../arm-none-eabi/lib/thumb/v7e-m/nofp\libg.a(lib_a-fputwc.o)
                0x0800a8f0                __fputwc
 .text._fputwc_r
                0x0800a998       0x68 c:/progra~2/gnuarm~1/102020~1/bin/../lib/gcc/arm-none-eabi/10.2.1/../../../../arm-none-eabi/lib/thumb/v7e-m/nofp\libg.a(lib_a-fputwc.o)
                0x0800a998                _fputwc_r
 .text._fstat_r
                0x0800aa00       0x2c c:/progra~2/gnuarm~1/102020~1/bin/../lib/gcc/arm-none-eabi/10.2.1/../../../../arm-none-eabi/lib/thumb/v7e-m/nofp\libg.a(lib_a-fstatr.o)
                0x0800aa00                _fstat_r
 .text._isatty_r
                0x0800aa2c       0x24 c:/progra~2/gnuarm~1/102020~1/bin/../lib/gcc/arm-none-eabi/10.2.1/../../../../arm-none-eabi/lib/thumb/v7e-m/nofp\libg.a(lib_a-isattyr.o)
                0x0800aa2c                _isatty_r
 .text.__locale_mb_cur_max
                0x0800aa50        0xc c:/progra~2/gnuarm~1/102020~1/bin/../lib/gcc/arm-none-eabi/10.2.1/../../../../arm-none-eabi/lib/thumb/v7e-m/nofp\libg.a(lib_a-locale.o)
                0x0800aa50                __locale_mb_cur_max
 .text._lseek_r
                0x0800aa5c       0x2c c:/progra~2/gnuarm~1/102020~1/bin/../lib/gcc/arm-none-eabi/10.2.1/../../../../arm-none-eabi/lib/thumb/v7e-m/nofp\libg.a(lib_a-lseekr.o)
                0x0800aa5c                _lseek_r
 .text.__ascii_mbtowc
                0x0800aa88       0x2c c:/progra~2/gnuarm~1/102020~1/bin/../lib/gcc/arm-none-eabi/10.2.1/../../../../arm-none-eabi/lib/thumb/v7e-m/nofp\libg.a(lib_a-mbtowc_r.o)
                0x0800aa88                __ascii_mbtowc
 .text._read_r  0x0800aab4       0x2c c:/progra~2/gnuarm~1/102020~1/bin/../lib/gcc/arm-none-eabi/10.2.1/../../../../arm-none-eabi/lib/thumb/v7e-m/nofp\libg.a(lib_a-readr.o)
                0x0800aab4                _read_r
 .text.__swbuf_r
                0x0800aae0       0xb0 c:/progra~2/gnuarm~1/102020~1/bin/../lib/gcc/arm-none-eabi/10.2.1/../../../../arm-none-eabi/lib/thumb/v7e-m/nofp\libg.a(lib_a-wbuf.o)
                0x0800aae0                __swbuf_r
 .text._wcrtomb_r
                0x0800ab90       0x3c c:/progra~2/gnuarm~1/102020~1/bin/../lib/gcc/arm-none-eabi/10.2.1/../../../../arm-none-eabi/lib/thumb/v7e-m/nofp\libg.a(lib_a-wcrtomb.o)
                0x0800ab90                _wcrtomb_r
 .text.__ascii_wctomb
                0x0800abcc       0x1c c:/progra~2/gnuarm~1/102020~1/bin/../lib/gcc/arm-none-eabi/10.2.1/../../../../arm-none-eabi/lib/thumb/v7e-m/nofp\libg.a(lib_a-wctomb_r.o)
                0x0800abcc                __ascii_wctomb
 .text.abort    0x0800abe8       0x10 c:/progra~2/gnuarm~1/102020~1/bin/../lib/gcc/arm-none-eabi/10.2.1/../../../../arm-none-eabi/lib/thumb/v7e-m/nofp\libg.a(lib_a-abort.o)
                0x0800abe8                abort
 .text.raise    0x0800abf8       0x5c c:/progra~2/gnuarm~1/102020~1/bin/../lib/gcc/arm-none-eabi/10.2.1/../../../../arm-none-eabi/lib/thumb/v7e-m/nofp\libg.a(lib_a-signal.o)
                0x0800abf8                raise
 .text._kill_r  0x0800ac54       0x2c c:/progra~2/gnuarm~1/102020~1/bin/../lib/gcc/arm-none-eabi/10.2.1/../../../../arm-none-eabi/lib/thumb/v7e-m/nofp\libg.a(lib_a-signalr.o)
                0x0800ac54                _kill_r
 .text._getpid_r
                0x0800ac80        0x4 c:/progra~2/gnuarm~1/102020~1/bin/../lib/gcc/arm-none-eabi/10.2.1/../../../../arm-none-eabi/lib/thumb/v7e-m/nofp\libg.a(lib_a-signalr.o)
                0x0800ac80                _getpid_r
 .text.sin      0x0800ac84       0xb0 c:/progra~2/gnuarm~1/102020~1/bin/../lib/gcc/arm-none-eabi/10.2.1/../../../../arm-none-eabi/lib/thumb/v7e-m/nofp\libm.a(lib_a-s_sin.o)
                0x0800ac84                sin
 *fill*         0x0800ad34        0x4 
 .text.__ieee754_rem_pio2
                0x0800ad38      0x454 c:/progra~2/gnuarm~1/102020~1/bin/../lib/gcc/arm-none-eabi/10.2.1/../../../../arm-none-eabi/lib/thumb/v7e-m/nofp\libm.a(lib_a-e_rem_pio2.o)
                0x0800ad38                __ieee754_rem_pio2
 *fill*         0x0800b18c        0x4 
 .text.__kernel_cos
                0x0800b190      0x260 c:/progra~2/gnuarm~1/102020~1/bin/../lib/gcc/arm-none-eabi/10.2.1/../../../../arm-none-eabi/lib/thumb/v7e-m/nofp\libm.a(lib_a-k_cos.o)
                0x0800b190                __kernel_cos
 .text.__kernel_rem_pio2
                0x0800b3f0      0x850 c:/progra~2/gnuarm~1/102020~1/bin/../lib/gcc/arm-none-eabi/10.2.1/../../../../arm-none-eabi/lib/thumb/v7e-m/nofp\libm.a(lib_a-k_rem_pio2.o)
                0x0800b3f0                __kernel_rem_pio2
 .text.__kernel_sin
                0x0800bc40      0x184 c:/progra~2/gnuarm~1/102020~1/bin/../lib/gcc/arm-none-eabi/10.2.1/../../../../arm-none-eabi/lib/thumb/v7e-m/nofp\libm.a(lib_a-k_sin.o)
                0x0800bc40                __kernel_sin
 .text.fabs     0x0800bdc4        0x8 c:/progra~2/gnuarm~1/102020~1/bin/../lib/gcc/arm-none-eabi/10.2.1/../../../../arm-none-eabi/lib/thumb/v7e-m/nofp\libm.a(lib_a-s_fabs.o)
                0x0800bdc4                fabs
 *fill*         0x0800bdcc        0x4 
 .text.floor    0x0800bdd0       0xf8 c:/progra~2/gnuarm~1/102020~1/bin/../lib/gcc/arm-none-eabi/10.2.1/../../../../arm-none-eabi/lib/thumb/v7e-m/nofp\libm.a(lib_a-s_floor.o)
                0x0800bdd0                floor
 .text.scalbn   0x0800bec8       0xf4 c:/progra~2/gnuarm~1/102020~1/bin/../lib/gcc/arm-none-eabi/10.2.1/../../../../arm-none-eabi/lib/thumb/v7e-m/nofp\libm.a(lib_a-s_scalbn.o)
                0x0800bec8                scalbn
 *(.glue_7)
 .glue_7        0x0800bfbc        0x0 linker stubs
 *(.glue_7t)
 .glue_7t       0x0800bfbc        0x0 linker stubs
 *(.eh_frame)
 .eh_frame      0x0800bfbc        0x0 c:/progra~2/gnuarm~1/102020~1/bin/../lib/gcc/arm-none-eabi/10.2.1/thumb/v7e-m/nofp/crtbegin.o
 *(.init)
 .init          0x0800bfbc        0x4 c:/progra~2/gnuarm~1/102020~1/bin/../lib/gcc/arm-none-eabi/10.2.1/thumb/v7e-m/nofp/crti.o
                0x0800bfbc                _init
 .init          0x0800bfc0        0x8 c:/progra~2/gnuarm~1/102020~1/bin/../lib/gcc/arm-none-eabi/10.2.1/thumb/v7e-m/nofp/crtn.o
 *(.fini)
 .fini          0x0800bfc8        0x4 c:/progra~2/gnuarm~1/102020~1/bin/../lib/gcc/arm-none-eabi/10.2.1/thumb/v7e-m/nofp/crti.o
                0x0800bfc8                _fini
 .fini          0x0800bfcc        0x8 c:/progra~2/gnuarm~1/102020~1/bin/../lib/gcc/arm-none-eabi/10.2.1/thumb/v7e-m/nofp/crtn.o
                0x0800bfd4                . = ALIGN (0x4)
                0x0800bfd4                _etext = .

.vfp11_veneer   0x0800bfd4        0x0
 .vfp11_veneer  0x0800bfd4        0x0 linker stubs

.v4_bx          0x0800bfd4        0x0
 .v4_bx         0x0800bfd4        0x0 linker stubs

.iplt           0x0800bfd4        0x0
 .iplt          0x0800bfd4        0x0 c:/progra~2/gnuarm~1/102020~1/bin/../lib/gcc/arm-none-eabi/10.2.1/thumb/v7e-m/nofp/crtbegin.o

.rodata         0x0800bfd8     0x1850
                0x0800bfd8                . = ALIGN (0x4)
 *(.rodata)
 *(.rodata*)
 .rodata.read.str1.4
                0x0800bfd8       0x3c CMakeFiles/My_HC05.elf.dir/Core/Src/main.c.obj
 .rodata.save.str1.4
                0x0800c014       0x47 CMakeFiles/My_HC05.elf.dir/Core/Src/main.c.obj
 *fill*         0x0800c05b        0x1 
 .rodata.main.str1.4
                0x0800c05c       0x14 CMakeFiles/My_HC05.elf.dir/Core/Src/main.c.obj
 .rodata.AHBPrescTable
                0x0800c070       0x10 CMakeFiles/My_HC05.elf.dir/Core/Src/system_stm32f4xx.c.obj
                0x0800c070                AHBPrescTable
 .rodata.APBPrescTable
                0x0800c080        0x8 CMakeFiles/My_HC05.elf.dir/Core/Src/system_stm32f4xx.c.obj
                0x0800c080                APBPrescTable
 .rodata.flagBitshiftOffset.0
                0x0800c088        0x8 CMakeFiles/My_HC05.elf.dir/Drivers/STM32F4xx_HAL_Driver/Src/stm32f4xx_hal_dma.c.obj
 .rodata.read_jedec_id.str1.4
                0x0800c090       0xf5 CMakeFiles/My_HC05.elf.dir/Middlewares/SFUD/src/sfud.c.obj
 *fill*         0x0800c185        0x3 
 .rodata.make_adress_byte_array.str1.4
                0x0800c188        0x6 CMakeFiles/My_HC05.elf.dir/Middlewares/SFUD/src/sfud.c.obj
 *fill*         0x0800c18e        0x2 
 .rodata.sfud_read_status.str1.4
                0x0800c190        0x7 CMakeFiles/My_HC05.elf.dir/Middlewares/SFUD/src/sfud.c.obj
 *fill*         0x0800c197        0x1 
 .rodata.wait_busy.str1.4
                0x0800c198       0x25 CMakeFiles/My_HC05.elf.dir/Middlewares/SFUD/src/sfud.c.obj
 *fill*         0x0800c1bd        0x3 
 .rodata.reset.str1.4
                0x0800c1c0       0x40 CMakeFiles/My_HC05.elf.dir/Middlewares/SFUD/src/sfud.c.obj
 .rodata.sfud_read.str1.4
                0x0800c200       0x3e CMakeFiles/My_HC05.elf.dir/Middlewares/SFUD/src/sfud.c.obj
 *fill*         0x0800c23e        0x2 
 .rodata.set_write_enabled.str1.4
                0x0800c240       0x47 CMakeFiles/My_HC05.elf.dir/Middlewares/SFUD/src/sfud.c.obj
 *fill*         0x0800c287        0x1 
 .rodata.set_4_byte_address_mode.str1.4
                0x0800c288       0x5d CMakeFiles/My_HC05.elf.dir/Middlewares/SFUD/src/sfud.c.obj
 *fill*         0x0800c2e5        0x3 
 .rodata.sfud_chip_erase.str1.4
                0x0800c2e8       0x2f CMakeFiles/My_HC05.elf.dir/Middlewares/SFUD/src/sfud.c.obj
 *fill*         0x0800c317        0x1 
 .rodata.sfud_erase.str1.4
                0x0800c318       0x2a CMakeFiles/My_HC05.elf.dir/Middlewares/SFUD/src/sfud.c.obj
 *fill*         0x0800c342        0x2 
 .rodata.page256_or_1_byte_write.str1.4
                0x0800c344       0x52 CMakeFiles/My_HC05.elf.dir/Middlewares/SFUD/src/sfud.c.obj
 *fill*         0x0800c396        0x2 
 .rodata.sfud_write_status.str1.4
                0x0800c398       0x25 CMakeFiles/My_HC05.elf.dir/Middlewares/SFUD/src/sfud.c.obj
 *fill*         0x0800c3bd        0x3 
 .rodata.hardware_init.str1.4
                0x0800c3c0       0xc6 CMakeFiles/My_HC05.elf.dir/Middlewares/SFUD/src/sfud.c.obj
 *fill*         0x0800c486        0x2 
 .rodata.sfud_device_init.str1.4
                0x0800c488       0x53 CMakeFiles/My_HC05.elf.dir/Middlewares/SFUD/src/sfud.c.obj
 *fill*         0x0800c4db        0x1 
 .rodata.sfud_init.str1.4
                0x0800c4dc       0x87 CMakeFiles/My_HC05.elf.dir/Middlewares/SFUD/src/sfud.c.obj
 *fill*         0x0800c563        0x1 
 .rodata.str1.4
                0x0800c564      0x18e CMakeFiles/My_HC05.elf.dir/Middlewares/SFUD/src/sfud.c.obj
 *fill*         0x0800c6f2        0x2 
 .rodata.__FUNCTION__.0
                0x0800c6f4       0x12 CMakeFiles/My_HC05.elf.dir/Middlewares/SFUD/src/sfud.c.obj
 *fill*         0x0800c706        0x2 
 .rodata.__FUNCTION__.1
                0x0800c708       0x11 CMakeFiles/My_HC05.elf.dir/Middlewares/SFUD/src/sfud.c.obj
 *fill*         0x0800c719        0x3 
 .rodata.__FUNCTION__.10
                0x0800c71c       0x12 CMakeFiles/My_HC05.elf.dir/Middlewares/SFUD/src/sfud.c.obj
 *fill*         0x0800c72e        0x2 
 .rodata.__FUNCTION__.11
                0x0800c730       0x18 CMakeFiles/My_HC05.elf.dir/Middlewares/SFUD/src/sfud.c.obj
 .rodata.__FUNCTION__.12
                0x0800c748        0xa CMakeFiles/My_HC05.elf.dir/Middlewares/SFUD/src/sfud.c.obj
 *fill*         0x0800c752        0x2 
 .rodata.__FUNCTION__.13
                0x0800c754        0x6 CMakeFiles/My_HC05.elf.dir/Middlewares/SFUD/src/sfud.c.obj
 *fill*         0x0800c75a        0x2 
 .rodata.__FUNCTION__.14
                0x0800c75c        0xe CMakeFiles/My_HC05.elf.dir/Middlewares/SFUD/src/sfud.c.obj
 *fill*         0x0800c76a        0x2 
 .rodata.__FUNCTION__.15
                0x0800c76c        0xe CMakeFiles/My_HC05.elf.dir/Middlewares/SFUD/src/sfud.c.obj
 *fill*         0x0800c77a        0x2 
 .rodata.__FUNCTION__.2
                0x0800c77c        0xa CMakeFiles/My_HC05.elf.dir/Middlewares/SFUD/src/sfud.c.obj
 *fill*         0x0800c786        0x2 
 .rodata.__FUNCTION__.4
                0x0800c788       0x18 CMakeFiles/My_HC05.elf.dir/Middlewares/SFUD/src/sfud.c.obj
 .rodata.__FUNCTION__.5
                0x0800c7a0        0xb CMakeFiles/My_HC05.elf.dir/Middlewares/SFUD/src/sfud.c.obj
 *fill*         0x0800c7ab        0x1 
 .rodata.__FUNCTION__.6
                0x0800c7ac       0x10 CMakeFiles/My_HC05.elf.dir/Middlewares/SFUD/src/sfud.c.obj
 .rodata.__FUNCTION__.7
                0x0800c7bc       0x17 CMakeFiles/My_HC05.elf.dir/Middlewares/SFUD/src/sfud.c.obj
 *fill*         0x0800c7d3        0x1 
 .rodata.__FUNCTION__.8
                0x0800c7d4        0xa CMakeFiles/My_HC05.elf.dir/Middlewares/SFUD/src/sfud.c.obj
 *fill*         0x0800c7de        0x2 
 .rodata.__FUNCTION__.9
                0x0800c7e0        0xe CMakeFiles/My_HC05.elf.dir/Middlewares/SFUD/src/sfud.c.obj
 *fill*         0x0800c7ee        0x2 
 .rodata.flash_chip_table
                0x0800c7f0      0x228 CMakeFiles/My_HC05.elf.dir/Middlewares/SFUD/src/sfud.c.obj
 .rodata.mf_table
                0x0800ca18       0x88 CMakeFiles/My_HC05.elf.dir/Middlewares/SFUD/src/sfud.c.obj
 .rodata.read_sfdp_data.str1.4
                0x0800caa0       0x61 CMakeFiles/My_HC05.elf.dir/Middlewares/SFUD/src/sfud_sfdp.c.obj
                                 0x9a (size before relaxing)
 *fill*         0x0800cb01        0x3 
 .rodata.read_sfdp_header.str1.4
                0x0800cb04       0xe1 CMakeFiles/My_HC05.elf.dir/Middlewares/SFUD/src/sfud_sfdp.c.obj
 *fill*         0x0800cbe5        0x3 
 .rodata.read_basic_header.str1.4
                0x0800cbe8      0x16f CMakeFiles/My_HC05.elf.dir/Middlewares/SFUD/src/sfud_sfdp.c.obj
 *fill*         0x0800cd57        0x1 
 .rodata.read_basic_table.str1.4
                0x0800cd58      0x40c CMakeFiles/My_HC05.elf.dir/Middlewares/SFUD/src/sfud_sfdp.c.obj
 .rodata.sfud_read_sfdp.str1.4
                0x0800d164       0x5a CMakeFiles/My_HC05.elf.dir/Middlewares/SFUD/src/sfud_sfdp.c.obj
 *fill*         0x0800d1be        0x2 
 .rodata.sfud_sfdp_get_suitable_eraser.str1.4
                0x0800d1c0       0x16 CMakeFiles/My_HC05.elf.dir/Middlewares/SFUD/src/sfud_sfdp.c.obj
 *fill*         0x0800d1d6        0x2 
 .rodata.__FUNCTION__.0
                0x0800d1d8       0x1e CMakeFiles/My_HC05.elf.dir/Middlewares/SFUD/src/sfud_sfdp.c.obj
 *fill*         0x0800d1f6        0x2 
 .rodata.__FUNCTION__.1
                0x0800d1f8       0x11 CMakeFiles/My_HC05.elf.dir/Middlewares/SFUD/src/sfud_sfdp.c.obj
 *fill*         0x0800d209        0x3 
 .rodata.__FUNCTION__.2
                0x0800d20c       0x12 CMakeFiles/My_HC05.elf.dir/Middlewares/SFUD/src/sfud_sfdp.c.obj
 *fill*         0x0800d21e        0x2 
 .rodata.__FUNCTION__.3
                0x0800d220        0xf CMakeFiles/My_HC05.elf.dir/Middlewares/SFUD/src/sfud_sfdp.c.obj
 *fill*         0x0800d22f        0x1 
 .rodata.__FUNCTION__.4
                0x0800d230       0x11 CMakeFiles/My_HC05.elf.dir/Middlewares/SFUD/src/sfud_sfdp.c.obj
 *fill*         0x0800d241        0x3 
 .rodata.__FUNCTION__.5
                0x0800d244        0xf CMakeFiles/My_HC05.elf.dir/Middlewares/SFUD/src/sfud_sfdp.c.obj
 *fill*         0x0800d253        0x1 
 .rodata._global_impure_ptr
                0x0800d254        0x4 c:/progra~2/gnuarm~1/102020~1/bin/../lib/gcc/arm-none-eabi/10.2.1/../../../../arm-none-eabi/lib/thumb/v7e-m/nofp\libg.a(lib_a-impure.o)
                0x0800d254                _global_impure_ptr
 .rodata._puts_r.str1.4
                0x0800d258        0x2 c:/progra~2/gnuarm~1/102020~1/bin/../lib/gcc/arm-none-eabi/10.2.1/../../../../arm-none-eabi/lib/thumb/v7e-m/nofp\libg.a(lib_a-puts.o)
 *fill*         0x0800d25a        0x2 
 .rodata._vfprintf_r.str1.4
                0x0800d25c       0x3f c:/progra~2/gnuarm~1/102020~1/bin/../lib/gcc/arm-none-eabi/10.2.1/../../../../arm-none-eabi/lib/thumb/v7e-m/nofp\libg.a(lib_a-vfprintf.o)
                                 0x42 (size before relaxing)
 *fill*         0x0800d29b        0x1 
 .rodata.blanks.1
                0x0800d29c       0x10 c:/progra~2/gnuarm~1/102020~1/bin/../lib/gcc/arm-none-eabi/10.2.1/../../../../arm-none-eabi/lib/thumb/v7e-m/nofp\libg.a(lib_a-vfprintf.o)
 .rodata.zeroes.0
                0x0800d2ac       0x10 c:/progra~2/gnuarm~1/102020~1/bin/../lib/gcc/arm-none-eabi/10.2.1/../../../../arm-none-eabi/lib/thumb/v7e-m/nofp\libg.a(lib_a-vfprintf.o)
 .rodata._dtoa_r.str1.4
                0x0800d2bc       0xa1 c:/progra~2/gnuarm~1/102020~1/bin/../lib/gcc/arm-none-eabi/10.2.1/../../../../arm-none-eabi/lib/thumb/v7e-m/nofp\libg.a(lib_a-dtoa.o)
                                 0xa5 (size before relaxing)
 *fill*         0x0800d35d        0x3 
 .rodata.__multadd.str1.4
                0x0800d360       0x7e c:/progra~2/gnuarm~1/102020~1/bin/../lib/gcc/arm-none-eabi/10.2.1/../../../../arm-none-eabi/lib/thumb/v7e-m/nofp\libg.a(lib_a-mprec.o)
                                 0x92 (size before relaxing)
 *fill*         0x0800d3de        0x2 
 .rodata.__mprec_bigtens
                0x0800d3e0       0x28 c:/progra~2/gnuarm~1/102020~1/bin/../lib/gcc/arm-none-eabi/10.2.1/../../../../arm-none-eabi/lib/thumb/v7e-m/nofp\libg.a(lib_a-mprec.o)
                0x0800d3e0                __mprec_bigtens
 .rodata.__mprec_tens
                0x0800d408       0xc8 c:/progra~2/gnuarm~1/102020~1/bin/../lib/gcc/arm-none-eabi/10.2.1/../../../../arm-none-eabi/lib/thumb/v7e-m/nofp\libg.a(lib_a-mprec.o)
                0x0800d408                __mprec_tens
 .rodata.p05.0  0x0800d4d0        0xc c:/progra~2/gnuarm~1/102020~1/bin/../lib/gcc/arm-none-eabi/10.2.1/../../../../arm-none-eabi/lib/thumb/v7e-m/nofp\libg.a(lib_a-mprec.o)
 .rodata._vfiprintf_r.str1.4
                0x0800d4dc       0x2f c:/progra~2/gnuarm~1/102020~1/bin/../lib/gcc/arm-none-eabi/10.2.1/../../../../arm-none-eabi/lib/thumb/v7e-m/nofp\libg.a(lib_a-vfiprintf.o)
 .rodata.blanks.1
                0x0800d4dc       0x10 c:/progra~2/gnuarm~1/102020~1/bin/../lib/gcc/arm-none-eabi/10.2.1/../../../../arm-none-eabi/lib/thumb/v7e-m/nofp\libg.a(lib_a-vfiprintf.o)
 .rodata.zeroes.0
                0x0800d4ec       0x10 c:/progra~2/gnuarm~1/102020~1/bin/../lib/gcc/arm-none-eabi/10.2.1/../../../../arm-none-eabi/lib/thumb/v7e-m/nofp\libg.a(lib_a-vfiprintf.o)
 .rodata.__assert_func.str1.4
                0x0800d4fc       0x3f c:/progra~2/gnuarm~1/102020~1/bin/../lib/gcc/arm-none-eabi/10.2.1/../../../../arm-none-eabi/lib/thumb/v7e-m/nofp\libg.a(lib_a-assert.o)
                                 0x43 (size before relaxing)
 *fill*         0x0800d53b        0x1 
 .rodata._setlocale_r.str1.4
                0x0800d53c        0xa c:/progra~2/gnuarm~1/102020~1/bin/../lib/gcc/arm-none-eabi/10.2.1/../../../../arm-none-eabi/lib/thumb/v7e-m/nofp\libg.a(lib_a-locale.o)
                                  0xd (size before relaxing)
 .rodata.str1.4
                0x0800d546        0xa c:/progra~2/gnuarm~1/102020~1/bin/../lib/gcc/arm-none-eabi/10.2.1/../../../../arm-none-eabi/lib/thumb/v7e-m/nofp\libg.a(lib_a-locale.o)
                                  0x2 (size before relaxing)
 *fill*         0x0800d546        0x2 
 .rodata._ctype_
                0x0800d548      0x101 c:/progra~2/gnuarm~1/102020~1/bin/../lib/gcc/arm-none-eabi/10.2.1/../../../../arm-none-eabi/lib/thumb/v7e-m/nofp\libg.a(lib_a-ctype_.o)
                0x0800d548                _ctype_
 *fill*         0x0800d649        0x3 
 .rodata.npio2_hw
                0x0800d64c       0x80 c:/progra~2/gnuarm~1/102020~1/bin/../lib/gcc/arm-none-eabi/10.2.1/../../../../arm-none-eabi/lib/thumb/v7e-m/nofp\libm.a(lib_a-e_rem_pio2.o)
 .rodata.two_over_pi
                0x0800d6cc      0x108 c:/progra~2/gnuarm~1/102020~1/bin/../lib/gcc/arm-none-eabi/10.2.1/../../../../arm-none-eabi/lib/thumb/v7e-m/nofp\libm.a(lib_a-e_rem_pio2.o)
 *fill*         0x0800d7d4        0x4 
 .rodata.PIo2   0x0800d7d8       0x40 c:/progra~2/gnuarm~1/102020~1/bin/../lib/gcc/arm-none-eabi/10.2.1/../../../../arm-none-eabi/lib/thumb/v7e-m/nofp\libm.a(lib_a-k_rem_pio2.o)
 .rodata.init_jk
                0x0800d818       0x10 c:/progra~2/gnuarm~1/102020~1/bin/../lib/gcc/arm-none-eabi/10.2.1/../../../../arm-none-eabi/lib/thumb/v7e-m/nofp\libm.a(lib_a-k_rem_pio2.o)
                0x0800d828                . = ALIGN (0x4)

.ARM.extab
 *(.ARM.extab* .gnu.linkonce.armextab.*)

.ARM            0x0800d828        0x8
                0x0800d828                __exidx_start = .
 *(.ARM.exidx*)
 .ARM.exidx     0x0800d828        0x8 c:/progra~2/gnuarm~1/102020~1/bin/../lib/gcc/arm-none-eabi/10.2.1/thumb/v7e-m/nofp\libgcc.a(_udivmoddi4.o)
                0x0800d830                __exidx_end = .

.rel.dyn        0x0800d830        0x0
 .rel.iplt      0x0800d830        0x0 c:/progra~2/gnuarm~1/102020~1/bin/../lib/gcc/arm-none-eabi/10.2.1/thumb/v7e-m/nofp/crtbegin.o

.preinit_array  0x0800d830        0x0
                0x0800d830                PROVIDE (__preinit_array_start = .)
 *(.preinit_array*)
                0x0800d830                PROVIDE (__preinit_array_end = .)

.init_array     0x0800d830        0x8
                0x0800d830                PROVIDE (__init_array_start = .)
 *(SORT_BY_NAME(.init_array.*))
 .init_array.00000
                0x0800d830        0x4 c:/progra~2/gnuarm~1/102020~1/bin/../lib/gcc/arm-none-eabi/10.2.1/../../../../arm-none-eabi/lib/thumb/v7e-m/nofp\libg.a(lib_a-__call_atexit.o)
 *(.init_array*)
 .init_array    0x0800d834        0x4 c:/progra~2/gnuarm~1/102020~1/bin/../lib/gcc/arm-none-eabi/10.2.1/thumb/v7e-m/nofp/crtbegin.o
                0x0800d838                PROVIDE (__init_array_end = .)

.fini_array     0x0800d838        0x4
                0x0800d838                PROVIDE (__fini_array_start = .)
 *(SORT_BY_NAME(.fini_array.*))
 *(.fini_array*)
 .fini_array    0x0800d838        0x4 c:/progra~2/gnuarm~1/102020~1/bin/../lib/gcc/arm-none-eabi/10.2.1/thumb/v7e-m/nofp/crtbegin.o
                0x0800d83c                PROVIDE (__fini_array_end = .)
                0x0800d83c                _sidata = LOADADDR (.data)

.data           0x20000000      0xa40 load address 0x0800d83c
                0x20000000                . = ALIGN (0x4)
                0x20000000                _sdata = .
 *(.data)
 *(.data*)
 .data.SystemCoreClock
                0x20000000        0x4 CMakeFiles/My_HC05.elf.dir/Core/Src/system_stm32f4xx.c.obj
                0x20000000                SystemCoreClock
 .data.uwTickFreq
                0x20000004        0x1 CMakeFiles/My_HC05.elf.dir/Drivers/STM32F4xx_HAL_Driver/Src/stm32f4xx_hal.c.obj
                0x20000004                uwTickFreq
 *fill*         0x20000005        0x3 
 .data.uwTickPrio
                0x20000008        0x4 CMakeFiles/My_HC05.elf.dir/Drivers/STM32F4xx_HAL_Driver/Src/stm32f4xx_hal.c.obj
                0x20000008                uwTickPrio
 .data.rx_pack_length
                0x2000000c        0x2 CMakeFiles/My_HC05.elf.dir/Hardwares/HC05/hc05.c.obj
                0x2000000c                rx_pack_length
 *fill*         0x2000000e        0x2 
 .data.spi1     0x20000010        0xc CMakeFiles/My_HC05.elf.dir/Middlewares/SFUD/port/sfud_port.c.obj
 .data.flash_table
                0x2000001c       0x74 CMakeFiles/My_HC05.elf.dir/Middlewares/SFUD/src/sfud.c.obj
 .data._impure_ptr
                0x20000090        0x4 c:/progra~2/gnuarm~1/102020~1/bin/../lib/gcc/arm-none-eabi/10.2.1/../../../../arm-none-eabi/lib/thumb/v7e-m/nofp\libg.a(lib_a-impure.o)
                0x20000090                _impure_ptr
 *fill*         0x20000094        0x4 
 .data.impure_data
                0x20000098      0x428 c:/progra~2/gnuarm~1/102020~1/bin/../lib/gcc/arm-none-eabi/10.2.1/../../../../arm-none-eabi/lib/thumb/v7e-m/nofp\libg.a(lib_a-impure.o)
 .data.__atexit_recursive_mutex
                0x200004c0        0x4 c:/progra~2/gnuarm~1/102020~1/bin/../lib/gcc/arm-none-eabi/10.2.1/../../../../arm-none-eabi/lib/thumb/v7e-m/nofp\libg.a(lib_a-__call_atexit.o)
                0x200004c0                __atexit_recursive_mutex
 .data.__malloc_av_
                0x200004c4      0x408 c:/progra~2/gnuarm~1/102020~1/bin/../lib/gcc/arm-none-eabi/10.2.1/../../../../arm-none-eabi/lib/thumb/v7e-m/nofp\libg.a(lib_a-mallocr.o)
                0x200004c4                __malloc_av_
 .data.__malloc_sbrk_base
                0x200008cc        0x4 c:/progra~2/gnuarm~1/102020~1/bin/../lib/gcc/arm-none-eabi/10.2.1/../../../../arm-none-eabi/lib/thumb/v7e-m/nofp\libg.a(lib_a-mallocr.o)
                0x200008cc                __malloc_sbrk_base
 .data.__malloc_trim_threshold
                0x200008d0        0x4 c:/progra~2/gnuarm~1/102020~1/bin/../lib/gcc/arm-none-eabi/10.2.1/../../../../arm-none-eabi/lib/thumb/v7e-m/nofp\libg.a(lib_a-mallocr.o)
                0x200008d0                __malloc_trim_threshold
 .data.__global_locale
                0x200008d4      0x16c c:/progra~2/gnuarm~1/102020~1/bin/../lib/gcc/arm-none-eabi/10.2.1/../../../../arm-none-eabi/lib/thumb/v7e-m/nofp\libg.a(lib_a-locale.o)
                0x200008d4                __global_locale
                0x20000a40                . = ALIGN (0x4)
                0x20000a40                _edata = .
                0x0800e27c                _siccmram = LOADADDR (.ccmram)

.igot.plt       0x20000a40        0x0 load address 0x0800e27c
 .igot.plt      0x20000a40        0x0 c:/progra~2/gnuarm~1/102020~1/bin/../lib/gcc/arm-none-eabi/10.2.1/thumb/v7e-m/nofp/crtbegin.o

.ccmram         0x10000000        0x0 load address 0x0800e27c
                0x10000000                . = ALIGN (0x4)
                0x10000000                _sccmram = .
 *(.ccmram)
 *(.ccmram*)
                0x10000000                . = ALIGN (0x4)
                0x10000000                _eccmram = .
                0x10000000                . = ALIGN (0x4)

.bss            0x20000a40      0x8cc
                0x20000a40                _sbss = .
                0x20000a40                __bss_start__ = _sbss
 *(.bss)
 .bss           0x20000a40       0x1c c:/progra~2/gnuarm~1/102020~1/bin/../lib/gcc/arm-none-eabi/10.2.1/thumb/v7e-m/nofp/crtbegin.o
 *(.bss*)
 .bss.kD        0x20000a5c        0x4 CMakeFiles/My_HC05.elf.dir/Core/Src/main.c.obj
                0x20000a5c                kD
 .bss.kI        0x20000a60        0x4 CMakeFiles/My_HC05.elf.dir/Core/Src/main.c.obj
                0x20000a60                kI
 .bss.kP        0x20000a64        0x4 CMakeFiles/My_HC05.elf.dir/Core/Src/main.c.obj
                0x20000a64                kP
 .bss.rxpack    0x20000a68       0x20 CMakeFiles/My_HC05.elf.dir/Core/Src/main.c.obj
                0x20000a68                rxpack
 .bss.sfud_demo_test_buf
                0x20000a88      0x100 CMakeFiles/My_HC05.elf.dir/Core/Src/main.c.obj
 .bss.txpack    0x20000b88       0x10 CMakeFiles/My_HC05.elf.dir/Core/Src/main.c.obj
                0x20000b88                txpack
 .bss.hspi1     0x20000b98       0x58 CMakeFiles/My_HC05.elf.dir/Core/Src/spi.c.obj
                0x20000b98                hspi1
 .bss.heap_end.0
                0x20000bf0        0x4 CMakeFiles/My_HC05.elf.dir/Core/Src/syscalls.c.obj
 .bss.htim14    0x20000bf4       0x48 CMakeFiles/My_HC05.elf.dir/Core/Src/tim.c.obj
                0x20000bf4                htim14
 .bss.hdma_usart2_rx
                0x20000c3c       0x60 CMakeFiles/My_HC05.elf.dir/Core/Src/usart.c.obj
                0x20000c3c                hdma_usart2_rx
 .bss.hdma_usart2_tx
                0x20000c9c       0x60 CMakeFiles/My_HC05.elf.dir/Core/Src/usart.c.obj
                0x20000c9c                hdma_usart2_tx
 .bss.huart1    0x20000cfc       0x44 CMakeFiles/My_HC05.elf.dir/Core/Src/usart.c.obj
                0x20000cfc                huart1
 .bss.huart2    0x20000d40       0x44 CMakeFiles/My_HC05.elf.dir/Core/Src/usart.c.obj
                0x20000d40                huart2
 .bss.uwTick    0x20000d84        0x4 CMakeFiles/My_HC05.elf.dir/Drivers/STM32F4xx_HAL_Driver/Src/stm32f4xx_hal.c.obj
                0x20000d84                uwTick
 .bss.err       0x20000d88        0x4 CMakeFiles/My_HC05.elf.dir/Hardwares/HC05/hc05.c.obj
                0x20000d88                err
 .bss.idc       0x20000d8c        0x4 CMakeFiles/My_HC05.elf.dir/Hardwares/HC05/hc05.c.obj
                0x20000d8c                idc
 .bss.idi       0x20000d90        0x2 CMakeFiles/My_HC05.elf.dir/Hardwares/HC05/hc05.c.obj
                0x20000d90                idi
 .bss.idl       0x20000d92        0x2 CMakeFiles/My_HC05.elf.dir/Hardwares/HC05/hc05.c.obj
                0x20000d92                idl
 .bss.isok      0x20000d94        0x1 CMakeFiles/My_HC05.elf.dir/Hardwares/HC05/hc05.c.obj
                0x20000d94                isok
 *fill*         0x20000d95        0x1 
 .bss.loop      0x20000d96        0x2 CMakeFiles/My_HC05.elf.dir/Hardwares/HC05/hc05.c.obj
                0x20000d96                loop
 .bss.rdIndex   0x20000d98        0x4 CMakeFiles/My_HC05.elf.dir/Hardwares/HC05/hc05.c.obj
                0x20000d98                rdIndex
 .bss.rdi       0x20000d9c        0x2 CMakeFiles/My_HC05.elf.dir/Hardwares/HC05/hc05.c.obj
                0x20000d9c                rdi
 .bss.rdii      0x20000d9e        0x2 CMakeFiles/My_HC05.elf.dir/Hardwares/HC05/hc05.c.obj
                0x20000d9e                rdii
 .bss.rxIndex   0x20000da0        0x4 CMakeFiles/My_HC05.elf.dir/Hardwares/HC05/hc05.c.obj
                0x20000da0                rxIndex
 .bss.sum       0x20000da4        0x1 CMakeFiles/My_HC05.elf.dir/Hardwares/HC05/hc05.c.obj
                0x20000da4                sum
 .bss.uartByte  0x20000da5        0x1 CMakeFiles/My_HC05.elf.dir/Hardwares/HC05/hc05.c.obj
                0x20000da5                uartByte
 .bss.valuepack_tx_bit_index
                0x20000da6        0x1 CMakeFiles/My_HC05.elf.dir/Hardwares/HC05/hc05.c.obj
                0x20000da6                valuepack_tx_bit_index
 .bss.valuepack_tx_index
                0x20000da7        0x1 CMakeFiles/My_HC05.elf.dir/Hardwares/HC05/hc05.c.obj
                0x20000da7                valuepack_tx_index
 .bss.vp_circle_rx_index
                0x20000da8        0x2 CMakeFiles/My_HC05.elf.dir/Hardwares/HC05/hc05.c.obj
                0x20000da8                vp_circle_rx_index
 *fill*         0x20000daa        0x2 
 .bss.vp_rxbuff
                0x20000dac      0x400 CMakeFiles/My_HC05.elf.dir/Hardwares/HC05/hc05.c.obj
                0x20000dac                vp_rxbuff
 .bss.vp_txbuff
                0x200011ac        0xf CMakeFiles/My_HC05.elf.dir/Hardwares/HC05/hc05.c.obj
                0x200011ac                vp_txbuff
 *fill*         0x200011bb        0x1 
 .bss.cmd_data.3
                0x200011bc      0x105 CMakeFiles/My_HC05.elf.dir/Middlewares/SFUD/src/sfud.c.obj
 *fill*         0x200012c1        0x3 
 .bss.__lock___atexit_recursive_mutex
                0x200012c4        0x1 c:/progra~2/gnuarm~1/102020~1/bin/../lib/gcc/arm-none-eabi/10.2.1/../../../../arm-none-eabi/lib/thumb/v7e-m/nofp\libg.a(lib_a-lock.o)
                0x200012c4                __lock___atexit_recursive_mutex
 *fill*         0x200012c5        0x3 
 .bss.__lock___malloc_recursive_mutex
                0x200012c8        0x1 c:/progra~2/gnuarm~1/102020~1/bin/../lib/gcc/arm-none-eabi/10.2.1/../../../../arm-none-eabi/lib/thumb/v7e-m/nofp\libg.a(lib_a-lock.o)
                0x200012c8                __lock___malloc_recursive_mutex
 *fill*         0x200012c9        0x3 
 .bss.__lock___sfp_recursive_mutex
                0x200012cc        0x1 c:/progra~2/gnuarm~1/102020~1/bin/../lib/gcc/arm-none-eabi/10.2.1/../../../../arm-none-eabi/lib/thumb/v7e-m/nofp\libg.a(lib_a-lock.o)
                0x200012cc                __lock___sfp_recursive_mutex
 *fill*         0x200012cd        0x3 
 .bss.__lock___sinit_recursive_mutex
                0x200012d0        0x1 c:/progra~2/gnuarm~1/102020~1/bin/../lib/gcc/arm-none-eabi/10.2.1/../../../../arm-none-eabi/lib/thumb/v7e-m/nofp\libg.a(lib_a-lock.o)
                0x200012d0                __lock___sinit_recursive_mutex
 *fill*         0x200012d1        0x3 
 .bss.__malloc_current_mallinfo
                0x200012d4       0x28 c:/progra~2/gnuarm~1/102020~1/bin/../lib/gcc/arm-none-eabi/10.2.1/../../../../arm-none-eabi/lib/thumb/v7e-m/nofp\libg.a(lib_a-mallocr.o)
                0x200012d4                __malloc_current_mallinfo
 .bss.__malloc_max_sbrked_mem
                0x200012fc        0x4 c:/progra~2/gnuarm~1/102020~1/bin/../lib/gcc/arm-none-eabi/10.2.1/../../../../arm-none-eabi/lib/thumb/v7e-m/nofp\libg.a(lib_a-mallocr.o)
                0x200012fc                __malloc_max_sbrked_mem
 .bss.__malloc_max_total_mem
                0x20001300        0x4 c:/progra~2/gnuarm~1/102020~1/bin/../lib/gcc/arm-none-eabi/10.2.1/../../../../arm-none-eabi/lib/thumb/v7e-m/nofp\libg.a(lib_a-mallocr.o)
                0x20001300                __malloc_max_total_mem
 .bss.__malloc_top_pad
                0x20001304        0x4 c:/progra~2/gnuarm~1/102020~1/bin/../lib/gcc/arm-none-eabi/10.2.1/../../../../arm-none-eabi/lib/thumb/v7e-m/nofp\libg.a(lib_a-mallocr.o)
                0x20001304                __malloc_top_pad
 .bss.errno     0x20001308        0x4 c:/progra~2/gnuarm~1/102020~1/bin/../lib/gcc/arm-none-eabi/10.2.1/../../../../arm-none-eabi/lib/thumb/v7e-m/nofp\libg.a(lib_a-reent.o)
                0x20001308                errno
 *(COMMON)
                0x2000130c                . = ALIGN (0x4)
                0x2000130c                _ebss = .
                0x2000130c                __bss_end__ = _ebss

._user_heap_stack
                0x2000130c      0x604
                0x20001310                . = ALIGN (0x8)
 *fill*         0x2000130c        0x4 
                0x20001310                PROVIDE (end = .)
                [!provide]                PROVIDE (_end = .)
                0x20001510                . = (. + _Min_Heap_Size)
 *fill*         0x20001310      0x200 
                0x20001910                . = (. + _Min_Stack_Size)
 *fill*         0x20001510      0x400 
                0x20001910                . = ALIGN (0x8)

/DISCARD/
 libc.a(*)
 libm.a(*)
 libgcc.a(*)

.ARM.attributes
                0x00000000       0x2a
 *(.ARM.attributes)
 .ARM.attributes
                0x00000000       0x1e c:/progra~2/gnuarm~1/102020~1/bin/../lib/gcc/arm-none-eabi/10.2.1/thumb/v7e-m/nofp/crti.o
 .ARM.attributes
                0x0000001e       0x2e c:/progra~2/gnuarm~1/102020~1/bin/../lib/gcc/arm-none-eabi/10.2.1/thumb/v7e-m/nofp/crtbegin.o
 .ARM.attributes
                0x0000004c       0x2e CMakeFiles/My_HC05.elf.dir/Core/Src/dma.c.obj
 .ARM.attributes
                0x0000007a       0x2e CMakeFiles/My_HC05.elf.dir/Core/Src/gpio.c.obj
 .ARM.attributes
                0x000000a8       0x2e CMakeFiles/My_HC05.elf.dir/Core/Src/main.c.obj
 .ARM.attributes
                0x000000d6       0x2e CMakeFiles/My_HC05.elf.dir/Core/Src/spi.c.obj
 .ARM.attributes
                0x00000104       0x2e CMakeFiles/My_HC05.elf.dir/Core/Src/stm32f4xx_hal_msp.c.obj
 .ARM.attributes
                0x00000132       0x2e CMakeFiles/My_HC05.elf.dir/Core/Src/stm32f4xx_it.c.obj
 .ARM.attributes
                0x00000160       0x2e CMakeFiles/My_HC05.elf.dir/Core/Src/syscalls.c.obj
 .ARM.attributes
                0x0000018e       0x2e CMakeFiles/My_HC05.elf.dir/Core/Src/system_stm32f4xx.c.obj
 .ARM.attributes
                0x000001bc       0x2e CMakeFiles/My_HC05.elf.dir/Core/Src/tim.c.obj
 .ARM.attributes
                0x000001ea       0x2e CMakeFiles/My_HC05.elf.dir/Core/Src/tim_trp.c.obj
 .ARM.attributes
                0x00000218       0x2e CMakeFiles/My_HC05.elf.dir/Core/Src/usart.c.obj
 .ARM.attributes
                0x00000246       0x2e CMakeFiles/My_HC05.elf.dir/Drivers/STM32F4xx_HAL_Driver/Src/stm32f4xx_hal.c.obj
 .ARM.attributes
                0x00000274       0x2e CMakeFiles/My_HC05.elf.dir/Drivers/STM32F4xx_HAL_Driver/Src/stm32f4xx_hal_cortex.c.obj
 .ARM.attributes
                0x000002a2       0x2e CMakeFiles/My_HC05.elf.dir/Drivers/STM32F4xx_HAL_Driver/Src/stm32f4xx_hal_dma.c.obj
 .ARM.attributes
                0x000002d0       0x2e CMakeFiles/My_HC05.elf.dir/Drivers/STM32F4xx_HAL_Driver/Src/stm32f4xx_hal_gpio.c.obj
 .ARM.attributes
                0x000002fe       0x2e CMakeFiles/My_HC05.elf.dir/Drivers/STM32F4xx_HAL_Driver/Src/stm32f4xx_hal_rcc.c.obj
 .ARM.attributes
                0x0000032c       0x2e CMakeFiles/My_HC05.elf.dir/Drivers/STM32F4xx_HAL_Driver/Src/stm32f4xx_hal_spi.c.obj
 .ARM.attributes
                0x0000035a       0x2e CMakeFiles/My_HC05.elf.dir/Drivers/STM32F4xx_HAL_Driver/Src/stm32f4xx_hal_tim.c.obj
 .ARM.attributes
                0x00000388       0x2e CMakeFiles/My_HC05.elf.dir/Drivers/STM32F4xx_HAL_Driver/Src/stm32f4xx_hal_tim_ex.c.obj
 .ARM.attributes
                0x000003b6       0x2e CMakeFiles/My_HC05.elf.dir/Drivers/STM32F4xx_HAL_Driver/Src/stm32f4xx_hal_uart.c.obj
 .ARM.attributes
                0x000003e4       0x2e CMakeFiles/My_HC05.elf.dir/Hardwares/HC05/hc05.c.obj
 .ARM.attributes
                0x00000412       0x2e CMakeFiles/My_HC05.elf.dir/Middlewares/SFUD/port/sfud_port.c.obj
 .ARM.attributes
                0x00000440       0x2e CMakeFiles/My_HC05.elf.dir/Middlewares/SFUD/src/sfud.c.obj
 .ARM.attributes
                0x0000046e       0x2e CMakeFiles/My_HC05.elf.dir/Middlewares/SFUD/src/sfud_sfdp.c.obj
 .ARM.attributes
                0x0000049c       0x21 CMakeFiles/My_HC05.elf.dir/startup/startup_stm32f407xx.s.obj
 .ARM.attributes
                0x000004bd       0x1e c:/progra~2/gnuarm~1/102020~1/bin/../lib/gcc/arm-none-eabi/10.2.1/thumb/v7e-m/nofp\libgcc.a(_arm_mulsf3.o)
 .ARM.attributes
                0x000004db       0x1e c:/progra~2/gnuarm~1/102020~1/bin/../lib/gcc/arm-none-eabi/10.2.1/thumb/v7e-m/nofp\libgcc.a(_arm_addsubdf3.o)
 .ARM.attributes
                0x000004f9       0x1e c:/progra~2/gnuarm~1/102020~1/bin/../lib/gcc/arm-none-eabi/10.2.1/thumb/v7e-m/nofp\libgcc.a(_arm_muldivdf3.o)
 .ARM.attributes
                0x00000517       0x1e c:/progra~2/gnuarm~1/102020~1/bin/../lib/gcc/arm-none-eabi/10.2.1/thumb/v7e-m/nofp\libgcc.a(_arm_truncdfsf2.o)
 .ARM.attributes
                0x00000535       0x1e c:/progra~2/gnuarm~1/102020~1/bin/../lib/gcc/arm-none-eabi/10.2.1/thumb/v7e-m/nofp\libgcc.a(_arm_fixsfsi.o)
 .ARM.attributes
                0x00000553       0x1e c:/progra~2/gnuarm~1/102020~1/bin/../lib/gcc/arm-none-eabi/10.2.1/thumb/v7e-m/nofp\libgcc.a(_arm_fixunssfsi.o)
 .ARM.attributes
                0x00000571       0x1e c:/progra~2/gnuarm~1/102020~1/bin/../lib/gcc/arm-none-eabi/10.2.1/thumb/v7e-m/nofp\libgcc.a(_aeabi_uldivmod.o)
 .ARM.attributes
                0x0000058f       0x2e c:/progra~2/gnuarm~1/102020~1/bin/../lib/gcc/arm-none-eabi/10.2.1/thumb/v7e-m/nofp\libgcc.a(_udivmoddi4.o)
 .ARM.attributes
                0x000005bd       0x1e c:/progra~2/gnuarm~1/102020~1/bin/../lib/gcc/arm-none-eabi/10.2.1/thumb/v7e-m/nofp\libgcc.a(_dvmd_tls.o)
 .ARM.attributes
                0x000005db       0x2e c:/progra~2/gnuarm~1/102020~1/bin/../lib/gcc/arm-none-eabi/10.2.1/../../../../arm-none-eabi/lib/thumb/v7e-m/nofp\libg.a(lib_a-errno.o)
 .ARM.attributes
                0x00000609       0x2e c:/progra~2/gnuarm~1/102020~1/bin/../lib/gcc/arm-none-eabi/10.2.1/../../../../arm-none-eabi/lib/thumb/v7e-m/nofp\libg.a(lib_a-impure.o)
 .ARM.attributes
                0x00000637       0x2e c:/progra~2/gnuarm~1/102020~1/bin/../lib/gcc/arm-none-eabi/10.2.1/../../../../arm-none-eabi/lib/thumb/v7e-m/nofp\libg.a(lib_a-init.o)
 .ARM.attributes
                0x00000665       0x1c c:/progra~2/gnuarm~1/102020~1/bin/../lib/gcc/arm-none-eabi/10.2.1/../../../../arm-none-eabi/lib/thumb/v7e-m/nofp\libg.a(lib_a-memcpy.o)
 .ARM.attributes
                0x00000681       0x2e c:/progra~2/gnuarm~1/102020~1/bin/../lib/gcc/arm-none-eabi/10.2.1/../../../../arm-none-eabi/lib/thumb/v7e-m/nofp\libg.a(lib_a-memset.o)
 .ARM.attributes
                0x000006af       0x2e c:/progra~2/gnuarm~1/102020~1/bin/../lib/gcc/arm-none-eabi/10.2.1/../../../../arm-none-eabi/lib/thumb/v7e-m/nofp\libg.a(lib_a-printf.o)
 .ARM.attributes
                0x000006dd       0x2e c:/progra~2/gnuarm~1/102020~1/bin/../lib/gcc/arm-none-eabi/10.2.1/../../../../arm-none-eabi/lib/thumb/v7e-m/nofp\libg.a(lib_a-puts.o)
 .ARM.attributes
                0x0000070b       0x1c c:/progra~2/gnuarm~1/102020~1/bin/../lib/gcc/arm-none-eabi/10.2.1/../../../../arm-none-eabi/lib/thumb/v7e-m/nofp\libg.a(lib_a-strlen.o)
 .ARM.attributes
                0x00000727       0x2e c:/progra~2/gnuarm~1/102020~1/bin/../lib/gcc/arm-none-eabi/10.2.1/../../../../arm-none-eabi/lib/thumb/v7e-m/nofp\libg.a(lib_a-vfprintf.o)
 .ARM.attributes
                0x00000755       0x2e c:/progra~2/gnuarm~1/102020~1/bin/../lib/gcc/arm-none-eabi/10.2.1/../../../../arm-none-eabi/lib/thumb/v7e-m/nofp\libg.a(lib_a-wsetup.o)
 .ARM.attributes
                0x00000783       0x2e c:/progra~2/gnuarm~1/102020~1/bin/../lib/gcc/arm-none-eabi/10.2.1/../../../../arm-none-eabi/lib/thumb/v7e-m/nofp\libg.a(lib_a-__call_atexit.o)
 .ARM.attributes
                0x000007b1       0x2e c:/progra~2/gnuarm~1/102020~1/bin/../lib/gcc/arm-none-eabi/10.2.1/../../../../arm-none-eabi/lib/thumb/v7e-m/nofp\libg.a(lib_a-atexit.o)
 .ARM.attributes
                0x000007df       0x2e c:/progra~2/gnuarm~1/102020~1/bin/../lib/gcc/arm-none-eabi/10.2.1/../../../../arm-none-eabi/lib/thumb/v7e-m/nofp\libg.a(lib_a-dtoa.o)
 .ARM.attributes
                0x0000080d       0x2e c:/progra~2/gnuarm~1/102020~1/bin/../lib/gcc/arm-none-eabi/10.2.1/../../../../arm-none-eabi/lib/thumb/v7e-m/nofp\libg.a(lib_a-fflush.o)
 .ARM.attributes
                0x0000083b       0x2e c:/progra~2/gnuarm~1/102020~1/bin/../lib/gcc/arm-none-eabi/10.2.1/../../../../arm-none-eabi/lib/thumb/v7e-m/nofp\libg.a(lib_a-findfp.o)
 .ARM.attributes
                0x00000869       0x2e c:/progra~2/gnuarm~1/102020~1/bin/../lib/gcc/arm-none-eabi/10.2.1/../../../../arm-none-eabi/lib/thumb/v7e-m/nofp\libg.a(lib_a-fini.o)
 .ARM.attributes
                0x00000897       0x2e c:/progra~2/gnuarm~1/102020~1/bin/../lib/gcc/arm-none-eabi/10.2.1/../../../../arm-none-eabi/lib/thumb/v7e-m/nofp\libg.a(lib_a-freer.o)
 .ARM.attributes
                0x000008c5       0x2e c:/progra~2/gnuarm~1/102020~1/bin/../lib/gcc/arm-none-eabi/10.2.1/../../../../arm-none-eabi/lib/thumb/v7e-m/nofp\libg.a(lib_a-fvwrite.o)
 .ARM.attributes